../Core/Src/main.c:120:5:main	56	static
../Core/Src/main.c:230:6:SystemClock_Config	88	static
../Core/Src/main.c:277:13:MX_ADC1_Init	24	static
../Core/Src/main.c:324:13:MX_I2C1_Init	8	static
../Core/Src/main.c:358:13:MX_TIM2_Init	64	static
../Core/Src/main.c:417:13:MX_TIM3_Init	32	static
../Core/Src/main.c:462:13:MX_USART1_UART_Init	8	static
../Core/Src/main.c:493:13:MX_DMA_Init	16	static
../Core/Src/main.c:511:13:MX_GPIO_Init	40	static
../Core/Src/main.c:565:1:AE_callback_in	16	static
../Core/Src/main.c:581:1:AE_callback_out	16	static
../Core/Src/main.c:598:1:HAL_GPIO_EXTI_Callback	16	static
../Core/Src/main.c:614:6:entryDisplay	256	static
../Core/Src/main.c:780:6:entryDatos	16	static
../Core/Src/main.c:813:6:HAL_TIM_PeriodElapsedCallback	40	static
../Core/Src/main.c:851:6:Error_Handler	4	static,ignoring_inline_asm
