Archive member included to satisfy reference by file (symbol)

/opt/st/stm32cubeide_1.14.0/plugins/com.st.stm32cube.ide.mcu.externaltools.gnu-tools-for-stm32.12.3.rel1.linux64_1.0.200.202406132123/tools/bin/../lib/gcc/arm-none-eabi/12.3.1/../../../../arm-none-eabi/lib/thumb/v7-m/nofp/libc_nano.a(libc_a-exit.o)
                              /opt/st/stm32cubeide_1.14.0/plugins/com.st.stm32cube.ide.mcu.externaltools.gnu-tools-for-stm32.12.3.rel1.linux64_1.0.200.202406132123/tools/bin/../lib/gcc/arm-none-eabi/12.3.1/../../../../arm-none-eabi/lib/thumb/v7-m/nofp/crt0.o (exit)
/opt/st/stm32cubeide_1.14.0/plugins/com.st.stm32cube.ide.mcu.externaltools.gnu-tools-for-stm32.12.3.rel1.linux64_1.0.200.202406132123/tools/bin/../lib/gcc/arm-none-eabi/12.3.1/../../../../arm-none-eabi/lib/thumb/v7-m/nofp/libc_nano.a(libc_a-findfp.o)
                              ./Middlewares/Third_Party/FreeRTOS/Source/tasks.o (__sf)
/opt/st/stm32cubeide_1.14.0/plugins/com.st.stm32cube.ide.mcu.externaltools.gnu-tools-for-stm32.12.3.rel1.linux64_1.0.200.202406132123/tools/bin/../lib/gcc/arm-none-eabi/12.3.1/../../../../arm-none-eabi/lib/thumb/v7-m/nofp/libc_nano.a(libc_a-fwalk.o)
                              /opt/st/stm32cubeide_1.14.0/plugins/com.st.stm32cube.ide.mcu.externaltools.gnu-tools-for-stm32.12.3.rel1.linux64_1.0.200.202406132123/tools/bin/../lib/gcc/arm-none-eabi/12.3.1/../../../../arm-none-eabi/lib/thumb/v7-m/nofp/libc_nano.a(libc_a-findfp.o) (_fwalk_sglue)
/opt/st/stm32cubeide_1.14.0/plugins/com.st.stm32cube.ide.mcu.externaltools.gnu-tools-for-stm32.12.3.rel1.linux64_1.0.200.202406132123/tools/bin/../lib/gcc/arm-none-eabi/12.3.1/../../../../arm-none-eabi/lib/thumb/v7-m/nofp/libc_nano.a(libc_a-sprintf.o)
                              ./Core/Src/display_analizador.o (sprintf)
/opt/st/stm32cubeide_1.14.0/plugins/com.st.stm32cube.ide.mcu.externaltools.gnu-tools-for-stm32.12.3.rel1.linux64_1.0.200.202406132123/tools/bin/../lib/gcc/arm-none-eabi/12.3.1/../../../../arm-none-eabi/lib/thumb/v7-m/nofp/libc_nano.a(libc_a-stdio.o)
                              /opt/st/stm32cubeide_1.14.0/plugins/com.st.stm32cube.ide.mcu.externaltools.gnu-tools-for-stm32.12.3.rel1.linux64_1.0.200.202406132123/tools/bin/../lib/gcc/arm-none-eabi/12.3.1/../../../../arm-none-eabi/lib/thumb/v7-m/nofp/libc_nano.a(libc_a-findfp.o) (__sread)
/opt/st/stm32cubeide_1.14.0/plugins/com.st.stm32cube.ide.mcu.externaltools.gnu-tools-for-stm32.12.3.rel1.linux64_1.0.200.202406132123/tools/bin/../lib/gcc/arm-none-eabi/12.3.1/../../../../arm-none-eabi/lib/thumb/v7-m/nofp/libc_nano.a(libc_a-memset.o)
                              /opt/st/stm32cubeide_1.14.0/plugins/com.st.stm32cube.ide.mcu.externaltools.gnu-tools-for-stm32.12.3.rel1.linux64_1.0.200.202406132123/tools/bin/../lib/gcc/arm-none-eabi/12.3.1/../../../../arm-none-eabi/lib/thumb/v7-m/nofp/crt0.o (memset)
/opt/st/stm32cubeide_1.14.0/plugins/com.st.stm32cube.ide.mcu.externaltools.gnu-tools-for-stm32.12.3.rel1.linux64_1.0.200.202406132123/tools/bin/../lib/gcc/arm-none-eabi/12.3.1/../../../../arm-none-eabi/lib/thumb/v7-m/nofp/libc_nano.a(libc_a-closer.o)
                              /opt/st/stm32cubeide_1.14.0/plugins/com.st.stm32cube.ide.mcu.externaltools.gnu-tools-for-stm32.12.3.rel1.linux64_1.0.200.202406132123/tools/bin/../lib/gcc/arm-none-eabi/12.3.1/../../../../arm-none-eabi/lib/thumb/v7-m/nofp/libc_nano.a(libc_a-stdio.o) (_close_r)
/opt/st/stm32cubeide_1.14.0/plugins/com.st.stm32cube.ide.mcu.externaltools.gnu-tools-for-stm32.12.3.rel1.linux64_1.0.200.202406132123/tools/bin/../lib/gcc/arm-none-eabi/12.3.1/../../../../arm-none-eabi/lib/thumb/v7-m/nofp/libc_nano.a(libc_a-reent.o)
                              ./Middlewares/Third_Party/FreeRTOS/Source/tasks.o (_reclaim_reent)
/opt/st/stm32cubeide_1.14.0/plugins/com.st.stm32cube.ide.mcu.externaltools.gnu-tools-for-stm32.12.3.rel1.linux64_1.0.200.202406132123/tools/bin/../lib/gcc/arm-none-eabi/12.3.1/../../../../arm-none-eabi/lib/thumb/v7-m/nofp/libc_nano.a(libc_a-impure.o)
                              ./Middlewares/Third_Party/FreeRTOS/Source/tasks.o (_impure_ptr)
/opt/st/stm32cubeide_1.14.0/plugins/com.st.stm32cube.ide.mcu.externaltools.gnu-tools-for-stm32.12.3.rel1.linux64_1.0.200.202406132123/tools/bin/../lib/gcc/arm-none-eabi/12.3.1/../../../../arm-none-eabi/lib/thumb/v7-m/nofp/libc_nano.a(libc_a-lseekr.o)
                              /opt/st/stm32cubeide_1.14.0/plugins/com.st.stm32cube.ide.mcu.externaltools.gnu-tools-for-stm32.12.3.rel1.linux64_1.0.200.202406132123/tools/bin/../lib/gcc/arm-none-eabi/12.3.1/../../../../arm-none-eabi/lib/thumb/v7-m/nofp/libc_nano.a(libc_a-stdio.o) (_lseek_r)
/opt/st/stm32cubeide_1.14.0/plugins/com.st.stm32cube.ide.mcu.externaltools.gnu-tools-for-stm32.12.3.rel1.linux64_1.0.200.202406132123/tools/bin/../lib/gcc/arm-none-eabi/12.3.1/../../../../arm-none-eabi/lib/thumb/v7-m/nofp/libc_nano.a(libc_a-readr.o)
[...]
Memory Configuration

Name             Origin             Length             Attributes
RAM              0x20000000         0x00005000         xrw
FLASH            0x08000000         0x00010000         xr
*default*        0x00000000         0xffffffff

Linker script and memory map

LOAD /opt/st/stm32cubeide_1.14.0/plugins/com.st.stm32cube.ide.mcu.externaltools.gnu-tools-for-stm32.12.3.rel1.linux64_1.0.200.202406132123/tools/bin/../lib/gcc/arm-none-eabi/12.3.1/thumb/v7-m/nofp/crti.o
LOAD /opt/st/stm32cubeide_1.14.0/plugins/com.st.stm32cube.ide.mcu.externaltools.gnu-tools-for-stm32.12.3.rel1.linux64_1.0.200.202406132123/tools/bin/../lib/gcc/arm-none-eabi/12.3.1/thumb/v7-m/nofp/crtbegin.o
LOAD /opt/st/stm32cubeide_1.14.0/plugins/com.st.stm32cube.ide.mcu.externaltools.gnu-tools-for-stm32.12.3.rel1.linux64_1.0.200.202406132123/tools/bin/../lib/gcc/arm-none-eabi/12.3.1/../../../../arm-none-eabi/lib/thumb/v7-m/nofp/crt0.o
LOAD ./Core/Src/display_analizador.o
LOAD ./Core/Src/encoder.o
LOAD ./Core/Src/encoder_hal.o
LOAD ./Core/Src/fft.o
LOAD ./Core/Src/fonts.o
LOAD ./Core/Src/freertos.o
LOAD ./Core/Src/main.o
LOAD ./Core/Src/pwm.o
LOAD ./Core/Src/ssd1306.o
LOAD ./Core/Src/stm32f1xx_hal_msp.o
LOAD ./Core/Src/stm32f1xx_hal_timebase_tim.o
LOAD ./Core/Src/stm32f1xx_it.o
LOAD ./Core/Src/syscalls.o
LOAD ./Core/Src/sysmem.o
LOAD ./Core/Src/system_stm32f1xx.o
LOAD ./Core/Startup/startup_stm32f103c8tx.o
LOAD ./Drivers/STM32F1xx_HAL_Driver/Src/stm32f1xx_hal.o
LOAD ./Drivers/STM32F1xx_HAL_Driver/Src/stm32f1xx_hal_adc.o
LOAD ./Drivers/STM32F1xx_HAL_Driver/Src/stm32f1xx_hal_adc_ex.o
LOAD ./Drivers/STM32F1xx_HAL_Driver/Src/stm32f1xx_hal_cortex.o
LOAD ./Drivers/STM32F1xx_HAL_Driver/Src/stm32f1xx_hal_dma.o
LOAD ./Drivers/STM32F1xx_HAL_Driver/Src/stm32f1xx_hal_exti.o
LOAD ./Drivers/STM32F1xx_HAL_Driver/Src/stm32f1xx_hal_flash.o
LOAD ./Drivers/STM32F1xx_HAL_Driver/Src/stm32f1xx_hal_flash_ex.o
LOAD ./Drivers/STM32F1xx_HAL_Driver/Src/stm32f1xx_hal_gpio.o
LOAD ./Drivers/STM32F1xx_HAL_Driver/Src/stm32f1xx_hal_gpio_ex.o
LOAD ./Drivers/STM32F1xx_HAL_Driver/Src/stm32f1xx_hal_i2c.o
LOAD ./Drivers/STM32F1xx_HAL_Driver/Src/stm32f1xx_hal_pwr.o
LOAD ./Drivers/STM32F1xx_HAL_Driver/Src/stm32f1xx_hal_rcc.o
LOAD ./Drivers/STM32F1xx_HAL_Driver/Src/stm32f1xx_hal_rcc_ex.o
LOAD ./Drivers/STM32F1xx_HAL_Driver/Src/stm32f1xx_hal_tim.o
LOAD ./Drivers/STM32F1xx_HAL_Driver/Src/stm32f1xx_hal_tim_ex.o
LOAD ./Drivers/STM32F1xx_HAL_Driver/Src/stm32f1xx_hal_uart.o
LOAD ./Middlewares/Third_Party/FreeRTOS/Source/CMSIS_RTOS_V2/cmsis_os2.o
LOAD ./Middlewares/Third_Party/FreeRTOS/Source/croutine.o
LOAD ./Middlewares/Third_Party/FreeRTOS/Source/event_groups.o
LOAD ./Middlewares/Third_Party/FreeRTOS/Source/list.o
LOAD ./Middlewares/Third_Party/FreeRTOS/Source/queue.o
LOAD ./Middlewares/Third_Party/FreeRTOS/Source/stream_buffer.o
LOAD ./Middlewares/Third_Party/FreeRTOS/Source/tasks.o
LOAD ./Middlewares/Third_Party/FreeRTOS/Source/timers.o
LOAD ./Middlewares/Third_Party/FreeRTOS/Source/portable/GCC/ARM_CM3/port.o
LOAD ./Middlewares/Third_Party/FreeRTOS/Source/portable/MemMang/heap_4.o
START GROUP
LOAD /opt/st/stm32cubeide_1.14.0/plugins/com.st.stm32cube.ide.mcu.externaltools.gnu-tools-for-stm32.12.3.rel1.linux64_1.0.200.202406132123/tools/bin/../lib/gcc/arm-none-eabi/12.3.1/../../../../arm-none-eabi/lib/thumb/v7-m/nofp/libc_nano.a
LOAD /opt/st/stm32cubeide_1.14.0/plugins/com.st.stm32cube.ide.mcu.externaltools.gnu-tools-for-stm32.12.3.rel1.linux64_1.0.200.202406132123/tools/bin/../lib/gcc/arm-none-eabi/12.3.1/../../../../arm-none-eabi/lib/thumb/v7-m/nofp/libm.a
END GROUP
START GROUP
LOAD /opt/st/stm32cubeide_1.14.0/plugins/com.st.stm32cube.ide.mcu.externaltools.gnu-tools-for-stm32.12.3.rel1.linux64_1.0.200.202406132123/tools/bin/../lib/gcc/arm-none-eabi/12.3.1/thumb/v7-m/nofp/libgcc.a
LOAD /opt/st/stm32cubeide_1.14.0/plugins/com.st.stm32cube.ide.mcu.externaltools.gnu-tools-for-stm32.12.3.rel1.linux64_1.0.200.202406132123/tools/bin/../lib/gcc/arm-none-eabi/12.3.1/../../../../arm-none-eabi/lib/thumb/v7-m/nofp/libc_nano.a
END GROUP
START GROUP
LOAD /opt/st/stm32cubeide_1.14.0/plugins/com.st.stm32cube.ide.mcu.externaltools.gnu-tools-for-stm32.12.3.rel1.linux64_1.0.200.202406132123/tools/bin/../lib/gcc/arm-none-eabi/12.3.1/thumb/v7-m/nofp/libgcc.a
LOAD /opt/st/stm32cubeide_1.14.0/plugins/com.st.stm32cube.ide.mcu.externaltools.gnu-tools-for-stm32.12.3.rel1.linux64_1.0.200.202406132123/tools/bin/../lib/gcc/arm-none-eabi/12.3.1/../../../../arm-none-eabi/lib/thumb/v7-m/nofp/libc_nano.a
LOAD /opt/st/stm32cubeide_1.14.0/plugins/com.st.stm32cube.ide.mcu.externaltools.gnu-tools-for-stm32.12.3.rel1.linux64_1.0.200.202406132123/tools/bin/../lib/gcc/arm-none-eabi/12.3.1/../../../../arm-none-eabi/lib/thumb/v7-m/nofp/libnosys.a
END GROUP
START GROUP
LOAD /opt/st/stm32cubeide_1.14.0/plugins/com.st.stm32cube.ide.mcu.externaltools.gnu-tools-for-stm32.12.3.rel1.linux64_1.0.200.202406132123/tools/bin/../lib/gcc/arm-none-eabi/12.3.1/thumb/v7-m/nofp/libgcc.a
LOAD /opt/st/stm32cubeide_1.14.0/plugins/com.st.stm32cube.ide.mcu.externaltools.gnu-tools-for-stm32.12.3.rel1.linux64_1.0.200.202406132123/tools/bin/../lib/gcc/arm-none-eabi/12.3.1/../../../../arm-none-eabi/lib/thumb/v7-m/nofp/libc_nano.a
LOAD /opt/st/stm32cubeide_1.14.0/plugins/com.st.stm32cube.ide.mcu.externaltools.gnu-tools-for-stm32.12.3.rel1.linux64_1.0.200.202406132123/tools/bin/../lib/gcc/arm-none-eabi/12.3.1/../../../../arm-none-eabi/lib/thumb/v7-m/nofp/libnosys.a
END GROUP
LOAD /opt/st/stm32cubeide_1.14.0/plugins/com.st.stm32cube.ide.mcu.externaltools.gnu-tools-for-stm32.12.3.rel1.linux64_1.0.200.202406132123/tools/bin/../lib/gcc/arm-none-eabi/12.3.1/thumb/v7-m/nofp/crtend.o
LOAD /opt/st/stm32cubeide_1.14.0/plugins/com.st.stm32cube.ide.mcu.externaltools.gnu-tools-for-stm32.12.3.rel1.linux64_1.0.200.202406132123/tools/bin/../lib/gcc/arm-none-eabi/12.3.1/thumb/v7-m/nofp/crtn.o
                0x20005000                        _estack = (ORIGIN (RAM) + LENGTH (RAM))
                0x00000200                        _Min_Heap_Size = 0x200
                0x00000400                        _Min_Stack_Size = 0x400

.isr_vector     0x08000000      0x10c
                0x08000000                        . = ALIGN (0x4)
 *(.isr_vector)
 .isr_vector    0x08000000      0x10c ./Core/Startup/startup_stm32f103c8tx.o
                0x08000000                g_pfnVectors
                0x0800010c                        . = ALIGN (0x4)

.text           0x08000110     0xd58c
                0x08000110                        . = ALIGN (0x4)
 *(.text)
 .text          0x08000110       0x40 /opt/st/stm32cubeide_1.14.0/plugins/com.st.stm32cube.ide.mcu.externaltools.gnu-tools-for-stm32.12.3.rel1.linux64_1.0.200.202406132123/tools/bin/../lib/gcc/arm-none-eabi/12.3.1/thumb/v7-m/nofp/crtbegin.o
 .text          0x08000150      0x378 /opt/st/stm32cubeide_1.14.0/plugins/com.st.stm32cube.ide.mcu.externaltools.gnu-tools-for-stm32.12.3.rel1.linux64_1.0.200.202406132123/tools/bin/../lib/gcc/arm-none-eabi/12.3.1/thumb/v7-m/nofp/libgcc.a(_arm_addsubdf3.o)
                0x08000150                __aeabi_drsub
                0x08000158                __aeabi_dsub
                0x08000158                __subdf3
                0x0800015c                __adddf3
                0x0800015c                __aeabi_dadd
                0x080003d4                __aeabi_ui2d
                0x080003d4                __floatunsidf
                0x080003f4                __floatsidf
                0x080003f4                __aeabi_i2d
                0x08000418                __extendsfdf2
                0x08000418                __aeabi_f2d
                0x0800045c                __aeabi_ul2d
                0x0800045c                __floatundidf
                0x0800046c                __floatdidf
                0x0800046c                __aeabi_l2d
 .text          0x080004c8      0x424 /opt/st/stm32cubeide_1.14.0/plugins/com.st.stm32cube.ide.mcu.externaltools.gnu-tools-for-stm32.12.3.rel1.linux64_1.0.200.202406132123/tools/bin/../lib/gcc/arm-none-eabi/12.3.1/thumb/v7-m/nofp/libgcc.a(_arm_muldivdf3.o)
                0x080004c8                __aeabi_dmul
                0x080004c8                __muldf3
                0x0800071c                __aeabi_ddiv
                0x0800071c                __divdf3
 .text          0x080008ec       0x40 /opt/st/stm32cubeide_1.14.0/plugins/com.st.stm32cube.ide.mcu.externaltools.gnu-tools-for-stm32.12.3.rel1.linux64_1.0.200.202406132123/tools/bin/../lib/gcc/arm-none-eabi/12.3.1/thumb/v7-m/nofp/libgcc.a(_arm_fixunsdfsi.o)
                0x080008ec                __fixunsdfsi
                0x080008ec                __aeabi_d2uiz
 .text          0x0800092c       0xa0 /opt/st/stm32cubeide_1.14.0/plugins/com.st.stm32cube.ide.mcu.externaltools.gnu-tools-for-stm32.12.3.rel1.linux64_1.0.200.202406132123/tools/bin/../lib/gcc/arm-none-eabi/12.3.1/thumb/v7-m/nofp/libgcc.a(_arm_truncdfsf2.o)
                0x0800092c                __aeabi_d2f
                0x0800092c                __truncdfsf2
 .text          0x080009cc      0x21c /opt/st/stm32cubeide_1.14.0/plugins/com.st.stm32cube.ide.mcu.externaltools.gnu-tools-for-stm32.12.3.rel1.linux64_1.0.200.202406132123/tools/bin/../lib/gcc/arm-none-eabi/12.3.1/thumb/v7-m/nofp/libgcc.a(_arm_addsubsf3.o)
                0x080009cc                __aeabi_frsub
                0x080009d4                __subsf3
                0x080009d4                __aeabi_fsub
                0x080009d8                __aeabi_fadd
                0x080009d8                __addsf3
                0x08000b38                __aeabi_ui2f
                0x08000b38                __floatunsisf
                0x08000b40                __aeabi_i2f
                0x08000b40                __floatsisf
                0x08000b5c                __floatundisf
                0x08000b5c                __aeabi_ul2f
                0x08000b6c                __floatdisf
                0x08000b6c                __aeabi_l2f
 .text          0x08000be8      0x2a0 /opt/st/stm32cubeide_1.14.0/plugins/com.st.stm32cube.ide.mcu.externaltools.gnu-tools-for-stm32.12.3.rel1.linux64_1.0.200.202406132123/tools/bin/../lib/gcc/arm-none-eabi/12.3.1/thumb/v7-m/nofp/libgcc.a(_arm_muldivsf3.o)
                0x08000be8                __mulsf3
                0x08000be8                __aeabi_fmul
                0x08000d50                __divsf3
                0x08000d50                __aeabi_fdiv
 .text          0x08000e88       0xec /opt/st/stm32cubeide_1.14.0/plugins/com.st.stm32cube.ide.mcu.externaltools.gnu-tools-for-stm32.12.3.rel1.linux64_1.0.200.202406132123/tools/bin/../lib/gcc/arm-none-eabi/12.3.1/thumb/v7-m/nofp/libgcc.a(_arm_cmpsf2.o)
                0x08000e88                __gtsf2
                0x08000e88                __gesf2
                0x08000e90                __lesf2
                0x08000e90                __ltsf2
                0x08000e98                __nesf2
                0x08000e98                __eqsf2
                0x08000e98                __cmpsf2
                0x08000ef8                __aeabi_cfrcmple
                0x08000f00                __aeabi_cfcmple
                0x08000f00                __aeabi_cfcmpeq
                0x08000f10                __aeabi_fcmpeq
                0x08000f24                __aeabi_fcmplt
                0x08000f38                __aeabi_fcmple
                0x08000f4c                __aeabi_fcmpge
                0x08000f60                __aeabi_fcmpgt
 .text          0x08000f74       0x2c /opt/st/stm32cubeide_1.14.0/plugins/com.st.stm32cube.ide.mcu.externaltools.gnu-tools-for-stm32.12.3.rel1.linux64_1.0.200.202406132123/tools/bin/../lib/gcc/arm-none-eabi/12.3.1/thumb/v7-m/nofp/libgcc.a(_arm_unordsf2.o)
                0x08000f74                __aeabi_fcmpun
                0x08000f74                __unordsf2
 .text          0x08000fa0       0x4c /opt/st/stm32cubeide_1.14.0/plugins/com.st.stm32cube.ide.mcu.externaltools.gnu-tools-for-stm32.12.3.rel1.linux64_1.0.200.202406132123/tools/bin/../lib/gcc/arm-none-eabi/12.3.1/thumb/v7-m/nofp/libgcc.a(_arm_fixsfsi.o)
                0x08000fa0                __fixsfsi
                0x08000fa0                __aeabi_f2iz
 .text          0x08000fec       0x40 /opt/st/stm32cubeide_1.14.0/plugins/com.st.stm32cube.ide.mcu.externaltools.gnu-tools-for-stm32.12.3.rel1.linux64_1.0.200.202406132123/tools/bin/../lib/gcc/arm-none-eabi/12.3.1/thumb/v7-m/nofp/libgcc.a(_arm_fixunssfsi.o)
                0x08000fec                __aeabi_f2uiz
                0x08000fec                __fixunssfsi
 *(.text*)
 .text.AN_init  0x0800102c       0x98 ./Core/Src/display_analizador.o
                0x0800102c                AN_init
 *fill*         0x080010c4        0x4 
 .text.AN_send_uart
                0x080010c8      0x27c ./Core/Src/display_analizador.o
                0x080010c8                AN_send_uart
 .text.AN_encoder_setter
                0x08001344       0x14 ./Core/Src/display_analizador.o
                0x08001344                AN_encoder_setter
 .text.AN_button_setter
                0x08001358       0x94 ./Core/Src/display_analizador.o
                0x08001358                AN_button_setter
 .text.AN_fft_update_setter
                0x080013ec       0x24 ./Core/Src/display_analizador.o
                0x080013ec                AN_fft_update_setter
 .text.AN_inputs_reader
                0x08001410       0x2c ./Core/Src/display_analizador.o
                0x08001410                AN_inputs_reader
 .text.AN_config_reader
                0x0800143c       0x24 ./Core/Src/display_analizador.o
                0x0800143c                AN_config_reader
 .text.AN_graph_fft
                0x08001460      0x330 ./Core/Src/display_analizador.o
                0x08001460                AN_graph_fft
 .text.AN_graph_control
                0x08001790      0x11c ./Core/Src/display_analizador.o
                0x08001790                AN_graph_control
 .text.AN_fsm_config
                0x080018ac      0x210 ./Core/Src/display_analizador.o
                0x080018ac                AN_fsm_config
 .text.AN_draw_menu
                0x08001abc      0x580 ./Core/Src/display_analizador.o
                0x08001abc                AN_draw_menu
 .text.AN_set_cursor
                0x0800203c       0x86 ./Core/Src/display_analizador.o
                0x0800203c                AN_set_cursor
 *fill*         0x080020c2        0x6 
 .text.AN_pixel
                0x080020c8       0x74 ./Core/Src/display_analizador.o
                0x080020c8                AN_pixel
 *fill*         0x0800213c        0x4 
 .text.AN_fft_fast
                0x08002140      0x150 ./Core/Src/display_analizador.o
                0x08002140                AN_fft_fast
 .text.AN_wrap_value
                0x08002290       0x44 ./Core/Src/display_analizador.o
                0x08002290                AN_wrap_value
 .text.EN_get_value
                0x080022d4       0x2c ./Core/Src/encoder.o
                0x080022d4                EN_get_value
 .text.EN_button
                0x08002300       0x56 ./Core/Src/encoder.o
                0x08002300                EN_button
 *fill*         0x08002356        0x2 
 .text.EN_fsm_button
                0x08002358      0x118 ./Core/Src/encoder.o
                0x08002358                EN_fsm_button
 .text.EN_fsm   0x08002470      0x1a4 ./Core/Src/encoder.o
                0x08002470                EN_fsm
 .text.EN_get_inputs
                0x08002614       0x70 ./Core/Src/encoder_hal.o
                0x08002614                EN_get_inputs
 .text.FFT      0x08002684      0x274 ./Core/Src/fft.o
                0x08002684                FFT
 .text.FFT_mod  0x080028f8       0x78 ./Core/Src/fft.o
                0x080028f8                FFT_mod
 .text.vApplicationIdleHook
                0x08002970       0x10 ./Core/Src/freertos.o
                0x08002970                vApplicationIdleHook
 .text.main     0x08002980      0x11c ./Core/Src/main.o
                0x08002980                main
 .text.SystemClock_Config
                0x08002a9c       0xb6 ./Core/Src/main.o
                0x08002a9c                SystemClock_Config
 *fill*         0x08002b52        0x2 
 .text.MX_ADC1_Init
                0x08002b54       0x7c ./Core/Src/main.o
 .text.MX_I2C1_Init
                0x08002bd0       0x5c ./Core/Src/main.o
 .text.MX_TIM2_Init
                0x08002c2c       0xec ./Core/Src/main.o
 .text.MX_TIM3_Init
                0x08002d18       0x9c ./Core/Src/main.o
 .text.MX_USART1_UART_Init
                0x08002db4       0x54 ./Core/Src/main.o
 .text.MX_DMA_Init
                0x08002e08       0x3c ./Core/Src/main.o
 .text.MX_GPIO_Init
                0x08002e44      0x120 ./Core/Src/main.o
 .text.AE_callback_in
                0x08002f64       0x54 ./Core/Src/main.o
                0x08002f64                AE_callback_in
 .text.AE_callback_out
                0x08002fb8       0x54 ./Core/Src/main.o
                0x08002fb8                AE_callback_out
 .text.HAL_GPIO_EXTI_Callback
                0x0800300c       0x26 ./Core/Src/main.o
                0x0800300c                HAL_GPIO_EXTI_Callback
 *fill*         0x08003032        0x2 
 .text.entryDisplay
                0x08003034      0x3f4 ./Core/Src/main.o
                0x08003034                entryDisplay
 .text.entryDatos
                0x08003428       0x84 ./Core/Src/main.o
                0x08003428                entryDatos
 .text.HAL_TIM_PeriodElapsedCallback
                0x080034ac       0xac ./Core/Src/main.o
                0x080034ac                HAL_TIM_PeriodElapsedCallback
 .text.Error_Handler
                0x08003558        0xc ./Core/Src/main.o
                0x08003558                Error_Handler
 .text.PWM_init
                0x08003564       0x28 ./Core/Src/pwm.o
                0x08003564                PWM_init
 *fill*         0x0800358c        0x4 
 .text.PWM_change_freq_dma
                0x08003590      0x1a0 ./Core/Src/pwm.o
                0x08003590                PWM_change_freq_dma
 .text.SSD1306_Init
                0x08003730      0x188 ./Core/Src/ssd1306.o
                0x08003730                SSD1306_Init
 .text.SSD1306_UpdateScreen
                0x080038b8       0x5c ./Core/Src/ssd1306.o
                0x080038b8                SSD1306_UpdateScreen
 .text.SSD1306_Fill
                0x08003914       0x30 ./Core/Src/ssd1306.o
                0x08003914                SSD1306_Fill
 .text.SSD1306_DrawPixel
                0x08003944       0xbc ./Core/Src/ssd1306.o
                0x08003944                SSD1306_DrawPixel
 .text.SSD1306_GotoXY
                0x08003a00       0x2c ./Core/Src/ssd1306.o
                0x08003a00                SSD1306_GotoXY
 .text.SSD1306_Putc
                0x08003a2c       0xfc ./Core/Src/ssd1306.o
                0x08003a2c                SSD1306_Putc
 .text.SSD1306_Puts
                0x08003b28       0x4a ./Core/Src/ssd1306.o
                0x08003b28                SSD1306_Puts
 .text.SSD1306_DrawLine
                0x08003b72      0x1f6 ./Core/Src/ssd1306.o
                0x08003b72                SSD1306_DrawLine
 .text.SSD1306_DrawRectangle
                0x08003d68       0xd4 ./Core/Src/ssd1306.o
                0x08003d68                SSD1306_DrawRectangle
 .text.SSD1306_DrawFilledRectangle
                0x08003e3c       0x9a ./Core/Src/ssd1306.o
                0x08003e3c                SSD1306_DrawFilledRectangle
 .text.SSD1306_DrawTriangle
                0x08003ed6       0x62 ./Core/Src/ssd1306.o
                0x08003ed6                SSD1306_DrawTriangle
 .text.SSD1306_DrawFilledTriangle
                0x08003f38      0x184 ./Core/Src/ssd1306.o
                0x08003f38                SSD1306_DrawFilledTriangle
 .text.ssd1306_I2C_Init
                0x080040bc       0x28 ./Core/Src/ssd1306.o
                0x080040bc                ssd1306_I2C_Init
 .text.ssd1306_I2C_WriteMulti
                0x080040e4       0xcc ./Core/Src/ssd1306.o
                0x080040e4                ssd1306_I2C_WriteMulti
 .text.ssd1306_I2C_Write
                0x080041b0       0x3c ./Core/Src/ssd1306.o
                0x080041b0                ssd1306_I2C_Write
 .text.HAL_MspInit
                0x080041ec       0x70 ./Core/Src/stm32f1xx_hal_msp.o
                0x080041ec                HAL_MspInit
 .text.HAL_ADC_MspInit
                0x0800425c       0x78 ./Core/Src/stm32f1xx_hal_msp.o
                0x0800425c                HAL_ADC_MspInit
 .text.HAL_I2C_MspInit
                0x080042d4       0xa0 ./Core/Src/stm32f1xx_hal_msp.o
                0x080042d4                HAL_I2C_MspInit
 .text.HAL_TIM_Base_MspInit
                0x08004374       0xc8 ./Core/Src/stm32f1xx_hal_msp.o
                0x08004374                HAL_TIM_Base_MspInit
 .text.HAL_TIM_MspPostInit
                0x0800443c       0x60 ./Core/Src/stm32f1xx_hal_msp.o
                0x0800443c                HAL_TIM_MspPostInit
 .text.HAL_UART_MspInit
                0x0800449c       0x98 ./Core/Src/stm32f1xx_hal_msp.o
                0x0800449c                HAL_UART_MspInit
 .text.HAL_InitTick
                0x08004534       0xfc ./Core/Src/stm32f1xx_hal_timebase_tim.o
                0x08004534                HAL_InitTick
 .text.NMI_Handler
                0x08004630        0x8 ./Core/Src/stm32f1xx_it.o
                0x08004630                NMI_Handler
 .text.HardFault_Handler
                0x08004638        0x8 ./Core/Src/stm32f1xx_it.o
                0x08004638                HardFault_Handler
 .text.MemManage_Handler
                0x08004640        0x8 ./Core/Src/stm32f1xx_it.o
                0x08004640                MemManage_Handler
 .text.BusFault_Handler
                0x08004648        0x8 ./Core/Src/stm32f1xx_it.o
                0x08004648                BusFault_Handler
 .text.UsageFault_Handler
                0x08004650        0x8 ./Core/Src/stm32f1xx_it.o
                0x08004650                UsageFault_Handler
 .text.DebugMon_Handler
                0x08004658        0xc ./Core/Src/stm32f1xx_it.o
                0x08004658                DebugMon_Handler
 .text.DMA1_Channel5_IRQHandler
                0x08004664       0x14 ./Core/Src/stm32f1xx_it.o
                0x08004664                DMA1_Channel5_IRQHandler
 .text.TIM3_IRQHandler
                0x08004678       0x14 ./Core/Src/stm32f1xx_it.o
                0x08004678                TIM3_IRQHandler
 .text.TIM4_IRQHandler
                0x0800468c       0x14 ./Core/Src/stm32f1xx_it.o
                0x0800468c                TIM4_IRQHandler
 .text.EXTI15_10_IRQHandler
                0x080046a0       0x28 ./Core/Src/stm32f1xx_it.o
                0x080046a0                EXTI15_10_IRQHandler
 .text._sbrk    0x080046c8       0x6c ./Core/Src/sysmem.o
                0x080046c8                _sbrk
 .text.SystemInit
                0x08004734        0xc ./Core/Src/system_stm32f1xx.o
                0x08004734                SystemInit
 .text.Reset_Handler
                0x08004740       0x48 ./Core/Startup/startup_stm32f103c8tx.o
                0x08004740                Reset_Handler
 .text.Default_Handler
                0x08004788        0x2 ./Core/Startup/startup_stm32f103c8tx.o
                0x08004788                RTC_Alarm_IRQHandler
                0x08004788                EXTI2_IRQHandler
                0x08004788                TIM1_CC_IRQHandler
                0x08004788                PVD_IRQHandler
                0x08004788                EXTI3_IRQHandler
                0x08004788                EXTI0_IRQHandler
                0x08004788                I2C2_EV_IRQHandler
                0x08004788                ADC1_2_IRQHandler
                0x08004788                SPI1_IRQHandler
                0x08004788                TAMPER_IRQHandler
                0x08004788                DMA1_Channel4_IRQHandler
                0x08004788                USART3_IRQHandler
                0x08004788                RTC_IRQHandler
                0x08004788                DMA1_Channel7_IRQHandler
                0x08004788                CAN1_RX1_IRQHandler
                0x08004788                I2C1_EV_IRQHandler
                0x08004788                DMA1_Channel6_IRQHandler
                0x08004788                RCC_IRQHandler
                0x08004788                TIM1_TRG_COM_IRQHandler
                0x08004788                DMA1_Channel1_IRQHandler
                0x08004788                Default_Handler
                0x08004788                EXTI9_5_IRQHandler
                0x08004788                SPI2_IRQHandler
                0x08004788                EXTI4_IRQHandler
                0x08004788                USB_LP_CAN1_RX0_IRQHandler
                0x08004788                USB_HP_CAN1_TX_IRQHandler
                0x08004788                DMA1_Channel3_IRQHandler
                0x08004788                TIM1_UP_IRQHandler
                0x08004788                WWDG_IRQHandler
                0x08004788                TIM2_IRQHandler
                0x08004788                TIM1_BRK_IRQHandler
                0x08004788                EXTI1_IRQHandler
                0x08004788                USART2_IRQHandler
                0x08004788                I2C2_ER_IRQHandler
                0x08004788                DMA1_Channel2_IRQHandler
                0x08004788                CAN1_SCE_IRQHandler
                0x08004788                FLASH_IRQHandler
                0x08004788                USART1_IRQHandler
                0x08004788                I2C1_ER_IRQHandler
                0x08004788                USBWakeUp_IRQHandler
 *fill*         0x0800478a        0x2 
 .text.HAL_Init
                0x0800478c       0x2c ./Drivers/STM32F1xx_HAL_Driver/Src/stm32f1xx_hal.o
                0x0800478c                HAL_Init
 .text.HAL_IncTick
                0x080047b8       0x24 ./Drivers/STM32F1xx_HAL_Driver/Src/stm32f1xx_hal.o
                0x080047b8                HAL_IncTick
 .text.HAL_GetTick
                0x080047dc       0x14 ./Drivers/STM32F1xx_HAL_Driver/Src/stm32f1xx_hal.o
                0x080047dc                HAL_GetTick
 .text.HAL_ADC_Init
                0x080047f0      0x1b0 ./Drivers/STM32F1xx_HAL_Driver/Src/stm32f1xx_hal_adc.o
                0x080047f0                HAL_ADC_Init
 .text.HAL_ADC_Start_IT
                0x080049a0      0x16c ./Drivers/STM32F1xx_HAL_Driver/Src/stm32f1xx_hal_adc.o
                0x080049a0                HAL_ADC_Start_IT
 .text.HAL_ADC_Stop_IT
                0x08004b0c       0x68 ./Drivers/STM32F1xx_HAL_Driver/Src/stm32f1xx_hal_adc.o
                0x08004b0c                HAL_ADC_Stop_IT
 .text.HAL_ADC_GetValue
                0x08004b74       0x18 ./Drivers/STM32F1xx_HAL_Driver/Src/stm32f1xx_hal_adc.o
                0x08004b74                HAL_ADC_GetValue
 .text.HAL_ADC_ConfigChannel
                0x08004b8c      0x1f0 ./Drivers/STM32F1xx_HAL_Driver/Src/stm32f1xx_hal_adc.o
                0x08004b8c                HAL_ADC_ConfigChannel
 .text.ADC_Enable
                0x08004d7c       0xb4 ./Drivers/STM32F1xx_HAL_Driver/Src/stm32f1xx_hal_adc.o
                0x08004d7c                ADC_Enable
 .text.ADC_ConversionStop_Disable
                0x08004e30       0x82 ./Drivers/STM32F1xx_HAL_Driver/Src/stm32f1xx_hal_adc.o
                0x08004e30                ADC_ConversionStop_Disable
 *fill*         0x08004eb2        0x2 
 .text.__NVIC_SetPriorityGrouping
                0x08004eb4       0x48 ./Drivers/STM32F1xx_HAL_Driver/Src/stm32f1xx_hal_cortex.o
 .text.__NVIC_GetPriorityGrouping
                0x08004efc       0x1c ./Drivers/STM32F1xx_HAL_Driver/Src/stm32f1xx_hal_cortex.o
 .text.__NVIC_EnableIRQ
                0x08004f18       0x38 ./Drivers/STM32F1xx_HAL_Driver/Src/stm32f1xx_hal_cortex.o
 .text.__NVIC_SetPriority
                0x08004f50       0x54 ./Drivers/STM32F1xx_HAL_Driver/Src/stm32f1xx_hal_cortex.o
 .text.NVIC_EncodePriority
                0x08004fa4       0x64 ./Drivers/STM32F1xx_HAL_Driver/Src/stm32f1xx_hal_cortex.o
 .text.HAL_NVIC_SetPriorityGrouping
                0x08005008       0x16 ./Drivers/STM32F1xx_HAL_Driver/Src/stm32f1xx_hal_cortex.o
                0x08005008                HAL_NVIC_SetPriorityGrouping
 .text.HAL_NVIC_SetPriority
                0x0800501e       0x38 ./Drivers/STM32F1xx_HAL_Driver/Src/stm32f1xx_hal_cortex.o
                0x0800501e                HAL_NVIC_SetPriority
 .text.HAL_NVIC_EnableIRQ
                0x08005056       0x1c ./Drivers/STM32F1xx_HAL_Driver/Src/stm32f1xx_hal_cortex.o
                0x08005056                HAL_NVIC_EnableIRQ
 *fill*         0x08005072        0x2 
 .text.HAL_DMA_Init
                0x08005074       0xb4 ./Drivers/STM32F1xx_HAL_Driver/Src/stm32f1xx_hal_dma.o
                0x08005074                HAL_DMA_Init
 .text.HAL_DMA_Start_IT
                0x08005128       0xc0 ./Drivers/STM32F1xx_HAL_Driver/Src/stm32f1xx_hal_dma.o
                0x08005128                HAL_DMA_Start_IT
 .text.HAL_DMA_Abort_IT
                0x080051e8       0xf0 ./Drivers/STM32F1xx_HAL_Driver/Src/stm32f1xx_hal_dma.o
                0x080051e8                HAL_DMA_Abort_IT
 .text.HAL_DMA_IRQHandler
                0x080052d8      0x20c ./Drivers/STM32F1xx_HAL_Driver/Src/stm32f1xx_hal_dma.o
                0x080052d8                HAL_DMA_IRQHandler
 .text.DMA_SetConfig
                0x080054e4       0x5a ./Drivers/STM32F1xx_HAL_Driver/Src/stm32f1xx_hal_dma.o
 *fill*         0x0800553e        0x2 
 .text.HAL_GPIO_Init
                0x08005540      0x308 ./Drivers/STM32F1xx_HAL_Driver/Src/stm32f1xx_hal_gpio.o
                0x08005540                HAL_GPIO_Init
 .text.HAL_GPIO_ReadPin
                0x08005848       0x2e ./Drivers/STM32F1xx_HAL_Driver/Src/stm32f1xx_hal_gpio.o
                0x08005848                HAL_GPIO_ReadPin
 .text.HAL_GPIO_WritePin
                0x08005876       0x30 ./Drivers/STM32F1xx_HAL_Driver/Src/stm32f1xx_hal_gpio.o
                0x08005876                HAL_GPIO_WritePin
 .text.HAL_GPIO_TogglePin
                0x080058a6       0x32 ./Drivers/STM32F1xx_HAL_Driver/Src/stm32f1xx_hal_gpio.o
                0x080058a6                HAL_GPIO_TogglePin
 .text.HAL_GPIO_EXTI_IRQHandler
                0x080058d8       0x30 ./Drivers/STM32F1xx_HAL_Driver/Src/stm32f1xx_hal_gpio.o
                0x080058d8                HAL_GPIO_EXTI_IRQHandler
 .text.HAL_I2C_Init
                0x08005908      0x288 ./Drivers/STM32F1xx_HAL_Driver/Src/stm32f1xx_hal_i2c.o
                0x08005908                HAL_I2C_Init
 .text.HAL_I2C_Master_Transmit
                0x08005b90      0x1fc ./Drivers/STM32F1xx_HAL_Driver/Src/stm32f1xx_hal_i2c.o
                0x08005b90                HAL_I2C_Master_Transmit
 .text.HAL_I2C_IsDeviceReady
                0x08005d8c      0x25c ./Drivers/STM32F1xx_HAL_Driver/Src/stm32f1xx_hal_i2c.o
                0x08005d8c                HAL_I2C_IsDeviceReady
 .text.I2C_MasterRequestWrite
                0x08005fe8      0x104 ./Drivers/STM32F1xx_HAL_Driver/Src/stm32f1xx_hal_i2c.o
 .text.I2C_WaitOnFlagUntilTimeout
                0x080060ec       0xf4 ./Drivers/STM32F1xx_HAL_Driver/Src/stm32f1xx_hal_i2c.o
 .text.I2C_WaitOnMasterAddressFlagUntilTimeout
                0x080061e0      0x140 ./Drivers/STM32F1xx_HAL_Driver/Src/stm32f1xx_hal_i2c.o
 .text.I2C_WaitOnTXEFlagUntilTimeout
                0x08006320       0x90 ./Drivers/STM32F1xx_HAL_Driver/Src/stm32f1xx_hal_i2c.o
 .text.I2C_WaitOnBTFFlagUntilTimeout
                0x080063b0       0x90 ./Drivers/STM32F1xx_HAL_Driver/Src/stm32f1xx_hal_i2c.o
 .text.I2C_IsAcknowledgeFailed
                0x08006440       0x5c ./Drivers/STM32F1xx_HAL_Driver/Src/stm32f1xx_hal_i2c.o
 .text.HAL_RCC_OscConfig
                0x0800649c      0x504 ./Drivers/STM32F1xx_HAL_Driver/Src/stm32f1xx_hal_rcc.o
                0x0800649c                HAL_RCC_OscConfig
 .text.HAL_RCC_ClockConfig
                0x080069a0      0x1d4 ./Drivers/STM32F1xx_HAL_Driver/Src/stm32f1xx_hal_rcc.o
                0x080069a0                HAL_RCC_ClockConfig
 .text.HAL_RCC_GetSysClockFreq
                0x08006b74       0xa8 ./Drivers/STM32F1xx_HAL_Driver/Src/stm32f1xx_hal_rcc.o
                0x08006b74                HAL_RCC_GetSysClockFreq
 .text.HAL_RCC_GetHCLKFreq
                0x08006c1c       0x14 ./Drivers/STM32F1xx_HAL_Driver/Src/stm32f1xx_hal_rcc.o
                0x08006c1c                HAL_RCC_GetHCLKFreq
 .text.HAL_RCC_GetPCLK1Freq
                0x08006c30       0x28 ./Drivers/STM32F1xx_HAL_Driver/Src/stm32f1xx_hal_rcc.o
                0x08006c30                HAL_RCC_GetPCLK1Freq
 .text.HAL_RCC_GetPCLK2Freq
                0x08006c58       0x28 ./Drivers/STM32F1xx_HAL_Driver/Src/stm32f1xx_hal_rcc.o
                0x08006c58                HAL_RCC_GetPCLK2Freq
 .text.HAL_RCC_GetClockConfig
                0x08006c80       0x60 ./Drivers/STM32F1xx_HAL_Driver/Src/stm32f1xx_hal_rcc.o
                0x08006c80                HAL_RCC_GetClockConfig
 .text.RCC_Delay
                0x08006ce0       0x3c ./Drivers/STM32F1xx_HAL_Driver/Src/stm32f1xx_hal_rcc.o
 .text.HAL_RCCEx_PeriphCLKConfig
                0x08006d1c      0x16c ./Drivers/STM32F1xx_HAL_Driver/Src/stm32f1xx_hal_rcc_ex.o
                0x08006d1c                HAL_RCCEx_PeriphCLKConfig
 .text.HAL_TIM_Base_Init
                0x08006e88       0x9e ./Drivers/STM32F1xx_HAL_Driver/Src/stm32f1xx_hal_tim.o
                0x08006e88                HAL_TIM_Base_Init
 *fill*         0x08006f26        0x2 
 .text.HAL_TIM_Base_Start_IT
                0x08006f28       0xa4 ./Drivers/STM32F1xx_HAL_Driver/Src/stm32f1xx_hal_tim.o
                0x08006f28                HAL_TIM_Base_Start_IT
 .text.HAL_TIM_Base_Stop_IT
                0x08006fcc       0x5c ./Drivers/STM32F1xx_HAL_Driver/Src/stm32f1xx_hal_tim.o
                0x08006fcc                HAL_TIM_Base_Stop_IT
 .text.HAL_TIM_PWM_Init
                0x08007028       0x9e ./Drivers/STM32F1xx_HAL_Driver/Src/stm32f1xx_hal_tim.o
                0x08007028                HAL_TIM_PWM_Init
 .text.HAL_TIM_PWM_MspInit
                0x080070c6       0x12 ./Drivers/STM32F1xx_HAL_Driver/Src/stm32f1xx_hal_tim.o
                0x080070c6                HAL_TIM_PWM_MspInit
 .text.HAL_TIM_PWM_Start_DMA
                0x080070d8      0x344 ./Drivers/STM32F1xx_HAL_Driver/Src/stm32f1xx_hal_tim.o
                0x080070d8                HAL_TIM_PWM_Start_DMA
 .text.HAL_TIM_PWM_Stop_DMA
                0x0800741c      0x18c ./Drivers/STM32F1xx_HAL_Driver/Src/stm32f1xx_hal_tim.o
                0x0800741c                HAL_TIM_PWM_Stop_DMA
 .text.HAL_TIM_IRQHandler
                0x080075a8      0x210 ./Drivers/STM32F1xx_HAL_Driver/Src/stm32f1xx_hal_tim.o
                0x080075a8                HAL_TIM_IRQHandler
 .text.HAL_TIM_PWM_ConfigChannel
                0x080077b8      0x184 ./Drivers/STM32F1xx_HAL_Driver/Src/stm32f1xx_hal_tim.o
                0x080077b8                HAL_TIM_PWM_ConfigChannel
 .text.HAL_TIM_ConfigClockSource
                0x0800793c      0x18e ./Drivers/STM32F1xx_HAL_Driver/Src/stm32f1xx_hal_tim.o
                0x0800793c                HAL_TIM_ConfigClockSource
 .text.HAL_TIM_OC_DelayElapsedCallback
                0x08007aca       0x12 ./Drivers/STM32F1xx_HAL_Driver/Src/stm32f1xx_hal_tim.o
                0x08007aca                HAL_TIM_OC_DelayElapsedCallback
 .text.HAL_TIM_IC_CaptureCallback
                0x08007adc       0x12 ./Drivers/STM32F1xx_HAL_Driver/Src/stm32f1xx_hal_tim.o
                0x08007adc                HAL_TIM_IC_CaptureCallback
 .text.HAL_TIM_PWM_PulseFinishedCallback
                0x08007aee       0x12 ./Drivers/STM32F1xx_HAL_Driver/Src/stm32f1xx_hal_tim.o
                0x08007aee                HAL_TIM_PWM_PulseFinishedCallback
 .text.HAL_TIM_PWM_PulseFinishedHalfCpltCallback
                0x08007b00       0x12 ./Drivers/STM32F1xx_HAL_Driver/Src/stm32f1xx_hal_tim.o
                0x08007b00                HAL_TIM_PWM_PulseFinishedHalfCpltCallback
 .text.HAL_TIM_TriggerCallback
                0x08007b12       0x12 ./Drivers/STM32F1xx_HAL_Driver/Src/stm32f1xx_hal_tim.o
                0x08007b12                HAL_TIM_TriggerCallback
 .text.HAL_TIM_ErrorCallback
                0x08007b24       0x12 ./Drivers/STM32F1xx_HAL_Driver/Src/stm32f1xx_hal_tim.o
                0x08007b24                HAL_TIM_ErrorCallback
 .text.TIM_DMAError
                0x08007b36       0x92 ./Drivers/STM32F1xx_HAL_Driver/Src/stm32f1xx_hal_tim.o
                0x08007b36                TIM_DMAError
 .text.TIM_DMADelayPulseCplt
                0x08007bc8       0xa8 ./Drivers/STM32F1xx_HAL_Driver/Src/stm32f1xx_hal_tim.o
 .text.TIM_DMADelayPulseHalfCplt
                0x08007c70       0x68 ./Drivers/STM32F1xx_HAL_Driver/Src/stm32f1xx_hal_tim.o
                0x08007c70                TIM_DMADelayPulseHalfCplt
 .text.TIM_Base_SetConfig
                0x08007cd8       0xc4 ./Drivers/STM32F1xx_HAL_Driver/Src/stm32f1xx_hal_tim.o
                0x08007cd8                TIM_Base_SetConfig
 .text.TIM_OC1_SetConfig
                0x08007d9c       0xcc ./Drivers/STM32F1xx_HAL_Driver/Src/stm32f1xx_hal_tim.o
 .text.TIM_OC2_SetConfig
                0x08007e68       0xd4 ./Drivers/STM32F1xx_HAL_Driver/Src/stm32f1xx_hal_tim.o
                0x08007e68                TIM_OC2_SetConfig
 .text.TIM_OC3_SetConfig
                0x08007f3c       0xd4 ./Drivers/STM32F1xx_HAL_Driver/Src/stm32f1xx_hal_tim.o
 .text.TIM_OC4_SetConfig
                0x08008010       0x9c ./Drivers/STM32F1xx_HAL_Driver/Src/stm32f1xx_hal_tim.o
 .text.TIM_TI1_ConfigInputStage
                0x080080ac       0x5c ./Drivers/STM32F1xx_HAL_Driver/Src/stm32f1xx_hal_tim.o
 .text.TIM_TI2_ConfigInputStage
                0x08008108       0x5e ./Drivers/STM32F1xx_HAL_Driver/Src/stm32f1xx_hal_tim.o
 .text.TIM_ITRx_SetConfig
                0x08008166       0x34 ./Drivers/STM32F1xx_HAL_Driver/Src/stm32f1xx_hal_tim.o
 .text.TIM_ETR_SetConfig
                0x0800819a       0x3e ./Drivers/STM32F1xx_HAL_Driver/Src/stm32f1xx_hal_tim.o
                0x0800819a                TIM_ETR_SetConfig
 .text.TIM_CCxChannelCmd
                0x080081d8       0x48 ./Drivers/STM32F1xx_HAL_Driver/Src/stm32f1xx_hal_tim.o
                0x080081d8                TIM_CCxChannelCmd
 .text.HAL_TIMEx_MasterConfigSynchronization
                0x08008220       0xbc ./Drivers/STM32F1xx_HAL_Driver/Src/stm32f1xx_hal_tim_ex.o
                0x08008220                HAL_TIMEx_MasterConfigSynchronization
 .text.HAL_TIMEx_CommutCallback
                0x080082dc       0x12 ./Drivers/STM32F1xx_HAL_Driver/Src/stm32f1xx_hal_tim_ex.o
                0x080082dc                HAL_TIMEx_CommutCallback
 .text.HAL_TIMEx_BreakCallback
                0x080082ee       0x12 ./Drivers/STM32F1xx_HAL_Driver/Src/stm32f1xx_hal_tim_ex.o
                0x080082ee                HAL_TIMEx_BreakCallback
 .text.HAL_UART_Init
                0x08008300       0xa0 ./Drivers/STM32F1xx_HAL_Driver/Src/stm32f1xx_hal_uart.o
                0x08008300                HAL_UART_Init
 .text.HAL_UART_Transmit
                0x080083a0      0x106 ./Drivers/STM32F1xx_HAL_Driver/Src/stm32f1xx_hal_uart.o
                0x080083a0                HAL_UART_Transmit
 .text.UART_WaitOnFlagUntilTimeout
                0x080084a6       0xdc ./Drivers/STM32F1xx_HAL_Driver/Src/stm32f1xx_hal_uart.o
 *fill*         0x08008582        0x2 
 .text.UART_SetConfig
                0x08008584      0x11c ./Drivers/STM32F1xx_HAL_Driver/Src/stm32f1xx_hal_uart.o
 .text.osKernelInitialize
                0x080086a0       0x64 ./Middlewares/Third_Party/FreeRTOS/Source/CMSIS_RTOS_V2/cmsis_os2.o
                0x080086a0                osKernelInitialize
 .text.osKernelStart
                0x08008704       0x68 ./Middlewares/Third_Party/FreeRTOS/Source/CMSIS_RTOS_V2/cmsis_os2.o
                0x08008704                osKernelStart
 .text.osThreadNew
                0x0800876c      0x154 ./Middlewares/Third_Party/FreeRTOS/Source/CMSIS_RTOS_V2/cmsis_os2.o
                0x0800876c                osThreadNew
 .text.osDelay  0x080088c0       0x5c ./Middlewares/Third_Party/FreeRTOS/Source/CMSIS_RTOS_V2/cmsis_os2.o
                0x080088c0                osDelay
 .text.osMutexNew
                0x0800891c      0x134 ./Middlewares/Third_Party/FreeRTOS/Source/CMSIS_RTOS_V2/cmsis_os2.o
                0x0800891c                osMutexNew
 .text.osMutexAcquire
                0x08008a50       0xbc ./Middlewares/Third_Party/FreeRTOS/Source/CMSIS_RTOS_V2/cmsis_os2.o
                0x08008a50                osMutexAcquire
 .text.osMutexRelease
                0x08008b0c       0xa0 ./Middlewares/Third_Party/FreeRTOS/Source/CMSIS_RTOS_V2/cmsis_os2.o
                0x08008b0c                osMutexRelease
 .text.osMessageQueueNew
                0x08008bac      0x10c ./Middlewares/Third_Party/FreeRTOS/Source/CMSIS_RTOS_V2/cmsis_os2.o
                0x08008bac                osMessageQueueNew
 .text.osMessageQueuePut
                0x08008cb8       0xe8 ./Middlewares/Third_Party/FreeRTOS/Source/CMSIS_RTOS_V2/cmsis_os2.o
                0x08008cb8                osMessageQueuePut
 .text.osMessageQueueGet
                0x08008da0       0xe4 ./Middlewares/Third_Party/FreeRTOS/Source/CMSIS_RTOS_V2/cmsis_os2.o
                0x08008da0                osMessageQueueGet
 .text.osMessageQueueGetCount
                0x08008e84       0x64 ./Middlewares/Third_Party/FreeRTOS/Source/CMSIS_RTOS_V2/cmsis_os2.o
                0x08008e84                osMessageQueueGetCount
 .text.vApplicationGetIdleTaskMemory
                0x08008ee8       0x30 ./Middlewares/Third_Party/FreeRTOS/Source/CMSIS_RTOS_V2/cmsis_os2.o
                0x08008ee8                vApplicationGetIdleTaskMemory
 .text.vApplicationGetTimerTaskMemory
                0x08008f18       0x34 ./Middlewares/Third_Party/FreeRTOS/Source/CMSIS_RTOS_V2/cmsis_os2.o
                0x08008f18                vApplicationGetTimerTaskMemory
 .text.vListInitialise
                0x08008f4c       0x3e ./Middlewares/Third_Party/FreeRTOS/Source/list.o
                0x08008f4c                vListInitialise
 .text.vListInitialiseItem
                0x08008f8a       0x18 ./Middlewares/Third_Party/FreeRTOS/Source/list.o
                0x08008f8a                vListInitialiseItem
 .text.vListInsertEnd
                0x08008fa2       0x46 ./Middlewares/Third_Party/FreeRTOS/Source/list.o
                0x08008fa2                vListInsertEnd
 .text.vListInsert
                0x08008fe8       0x70 ./Middlewares/Third_Party/FreeRTOS/Source/list.o
                0x08008fe8                vListInsert
 .text.uxListRemove
                0x08009058       0x52 ./Middlewares/Third_Party/FreeRTOS/Source/list.o
                0x08009058                uxListRemove
 *fill*         0x080090aa        0x2 
 .text.xQueueGenericReset
                0x080090ac       0xd4 ./Middlewares/Third_Party/FreeRTOS/Source/queue.o
                0x080090ac                xQueueGenericReset
 .text.xQueueGenericCreateStatic
                0x08009180       0xf8 ./Middlewares/Third_Party/FreeRTOS/Source/queue.o
                0x08009180                xQueueGenericCreateStatic
 .text.xQueueGenericCreate
                0x08009278       0x7e ./Middlewares/Third_Party/FreeRTOS/Source/queue.o
                0x08009278                xQueueGenericCreate
 .text.prvInitialiseNewQueue
                0x080092f6       0x46 ./Middlewares/Third_Party/FreeRTOS/Source/queue.o
 .text.prvInitialiseMutex
                0x0800933c       0x34 ./Middlewares/Third_Party/FreeRTOS/Source/queue.o
 .text.xQueueCreateMutex
                0x08009370       0x30 ./Middlewares/Third_Party/FreeRTOS/Source/queue.o
                0x08009370                xQueueCreateMutex
 .text.xQueueCreateMutexStatic
                0x080093a0       0x36 ./Middlewares/Third_Party/FreeRTOS/Source/queue.o
                0x080093a0                xQueueCreateMutexStatic
 .text.xQueueGiveMutexRecursive
                0x080093d6       0x6a ./Middlewares/Third_Party/FreeRTOS/Source/queue.o
                0x080093d6                xQueueGiveMutexRecursive
 .text.xQueueTakeMutexRecursive
                0x08009440       0x6e ./Middlewares/Third_Party/FreeRTOS/Source/queue.o
                0x08009440                xQueueTakeMutexRecursive
 *fill*         0x080094ae        0x2 
 .text.xQueueGenericSend
                0x080094b0      0x204 ./Middlewares/Third_Party/FreeRTOS/Source/queue.o
                0x080094b0                xQueueGenericSend
 .text.xQueueGenericSendFromISR
                0x080096b4      0x136 ./Middlewares/Third_Party/FreeRTOS/Source/queue.o
                0x080096b4                xQueueGenericSendFromISR
 *fill*         0x080097ea        0x2 
 .text.xQueueReceive
                0x080097ec      0x1c4 ./Middlewares/Third_Party/FreeRTOS/Source/queue.o
                0x080097ec                xQueueReceive
 .text.xQueueSemaphoreTake
                0x080099b0      0x220 ./Middlewares/Third_Party/FreeRTOS/Source/queue.o
                0x080099b0                xQueueSemaphoreTake
 .text.xQueueReceiveFromISR
                0x08009bd0      0x104 ./Middlewares/Third_Party/FreeRTOS/Source/queue.o
                0x08009bd0                xQueueReceiveFromISR
 .text.uxQueueMessagesWaiting
                0x08009cd4       0x3e ./Middlewares/Third_Party/FreeRTOS/Source/queue.o
                0x08009cd4                uxQueueMessagesWaiting
 .text.uxQueueMessagesWaitingFromISR
                0x08009d12       0x38 ./Middlewares/Third_Party/FreeRTOS/Source/queue.o
                0x08009d12                uxQueueMessagesWaitingFromISR
 .text.prvGetDisinheritPriorityAfterTimeout
                0x08009d4a       0x2e ./Middlewares/Third_Party/FreeRTOS/Source/queue.o
 .text.prvCopyDataToQueue
                0x08009d78       0xd4 ./Middlewares/Third_Party/FreeRTOS/Source/queue.o
 .text.prvCopyDataFromQueue
                0x08009e4c       0x4c ./Middlewares/Third_Party/FreeRTOS/Source/queue.o
 .text.prvUnlockQueue
                0x08009e98       0xa4 ./Middlewares/Third_Party/FreeRTOS/Source/queue.o
 .text.prvIsQueueEmpty
                0x08009f3c       0x2c ./Middlewares/Third_Party/FreeRTOS/Source/queue.o
 .text.prvIsQueueFull
                0x08009f68       0x30 ./Middlewares/Third_Party/FreeRTOS/Source/queue.o
 .text.vQueueAddToRegistry
                0x08009f98       0x50 ./Middlewares/Third_Party/FreeRTOS/Source/queue.o
                0x08009f98                vQueueAddToRegistry
 .text.vQueueWaitForMessageRestricted
                0x08009fe8       0x68 ./Middlewares/Third_Party/FreeRTOS/Source/queue.o
                0x08009fe8                vQueueWaitForMessageRestricted
 .text.xTaskCreateStatic
                0x0800a050       0xbe ./Middlewares/Third_Party/FreeRTOS/Source/tasks.o
                0x0800a050                xTaskCreateStatic
 .text.xTaskCreate
                0x0800a10e       0x8a ./Middlewares/Third_Party/FreeRTOS/Source/tasks.o
                0x0800a10e                xTaskCreate
 .text.prvInitialiseNewTask
                0x0800a198      0x144 ./Middlewares/Third_Party/FreeRTOS/Source/tasks.o
 .text.prvAddNewTaskToReadyList
                0x0800a2dc       0xe0 ./Middlewares/Third_Party/FreeRTOS/Source/tasks.o
 .text.vTaskDelay
                0x0800a3bc       0x6c ./Middlewares/Third_Party/FreeRTOS/Source/tasks.o
                0x0800a3bc                vTaskDelay
 .text.vTaskStartScheduler
                0x0800a428       0xe0 ./Middlewares/Third_Party/FreeRTOS/Source/tasks.o
                0x0800a428                vTaskStartScheduler
 .text.vTaskSuspendAll
                0x0800a508       0x1c ./Middlewares/Third_Party/FreeRTOS/Source/tasks.o
                0x0800a508                vTaskSuspendAll
 .text.xTaskResumeAll
                0x0800a524      0x13c ./Middlewares/Third_Party/FreeRTOS/Source/tasks.o
                0x0800a524                xTaskResumeAll
 .text.xTaskGetTickCount
                0x0800a660       0x1c ./Middlewares/Third_Party/FreeRTOS/Source/tasks.o
                0x0800a660                xTaskGetTickCount
 .text.xTaskIncrementTick
                0x0800a67c      0x180 ./Middlewares/Third_Party/FreeRTOS/Source/tasks.o
                0x0800a67c                xTaskIncrementTick
 .text.vTaskSetApplicationTaskTag
                0x0800a7fc       0x38 ./Middlewares/Third_Party/FreeRTOS/Source/tasks.o
                0x0800a7fc                vTaskSetApplicationTaskTag
 .text.vTaskSwitchContext
                0x0800a834       0xe0 ./Middlewares/Third_Party/FreeRTOS/Source/tasks.o
                0x0800a834                vTaskSwitchContext
 .text.vTaskPlaceOnEventList
                0x0800a914       0x4c ./Middlewares/Third_Party/FreeRTOS/Source/tasks.o
                0x0800a914                vTaskPlaceOnEventList
 .text.vTaskPlaceOnEventListRestricted
                0x0800a960       0x58 ./Middlewares/Third_Party/FreeRTOS/Source/tasks.o
                0x0800a960                vTaskPlaceOnEventListRestricted
 .text.xTaskRemoveFromEventList
                0x0800a9b8       0xc8 ./Middlewares/Third_Party/FreeRTOS/Source/tasks.o
                0x0800a9b8                xTaskRemoveFromEventList
 .text.vTaskInternalSetTimeOutState
                0x0800aa80       0x2c ./Middlewares/Third_Party/FreeRTOS/Source/tasks.o
                0x0800aa80                vTaskInternalSetTimeOutState
 .text.xTaskCheckForTimeOut
                0x0800aaac       0xc8 ./Middlewares/Third_Party/FreeRTOS/Source/tasks.o
                0x0800aaac                xTaskCheckForTimeOut
 .text.vTaskMissedYield
                0x0800ab74       0x18 ./Middlewares/Third_Party/FreeRTOS/Source/tasks.o
                0x0800ab74                vTaskMissedYield
 .text.prvIdleTask
                0x0800ab8c       0x34 ./Middlewares/Third_Party/FreeRTOS/Source/tasks.o
 .text.prvInitialiseTaskLists
                0x0800abc0       0x80 ./Middlewares/Third_Party/FreeRTOS/Source/tasks.o
 .text.prvCheckTasksWaitingTermination
                0x0800ac40       0x5c ./Middlewares/Third_Party/FreeRTOS/Source/tasks.o
 .text.prvDeleteTCB
                0x0800ac9c       0x6a ./Middlewares/Third_Party/FreeRTOS/Source/tasks.o
 *fill*         0x0800ad06        0x2 
 .text.prvResetNextTaskUnblockTime
                0x0800ad08       0x48 ./Middlewares/Third_Party/FreeRTOS/Source/tasks.o
 .text.xTaskGetCurrentTaskHandle
                0x0800ad50       0x1c ./Middlewares/Third_Party/FreeRTOS/Source/tasks.o
                0x0800ad50                xTaskGetCurrentTaskHandle
 .text.xTaskGetSchedulerState
                0x0800ad6c       0x3c ./Middlewares/Third_Party/FreeRTOS/Source/tasks.o
                0x0800ad6c                xTaskGetSchedulerState
 .text.xTaskPriorityInherit
                0x0800ada8       0xdc ./Middlewares/Third_Party/FreeRTOS/Source/tasks.o
                0x0800ada8                xTaskPriorityInherit
 .text.xTaskPriorityDisinherit
                0x0800ae84       0xe0 ./Middlewares/Third_Party/FreeRTOS/Source/tasks.o
                0x0800ae84                xTaskPriorityDisinherit
 .text.vTaskPriorityDisinheritAfterTimeout
                0x0800af64      0x110 ./Middlewares/Third_Party/FreeRTOS/Source/tasks.o
                0x0800af64                vTaskPriorityDisinheritAfterTimeout
 .text.pvTaskIncrementMutexHeldCount
                0x0800b074       0x28 ./Middlewares/Third_Party/FreeRTOS/Source/tasks.o
                0x0800b074                pvTaskIncrementMutexHeldCount
 .text.prvAddCurrentTaskToDelayedList
                0x0800b09c       0xa8 ./Middlewares/Third_Party/FreeRTOS/Source/tasks.o
 .text.xTimerCreateTimerTask
                0x0800b144       0x94 ./Middlewares/Third_Party/FreeRTOS/Source/timers.o
                0x0800b144                xTimerCreateTimerTask
 .text.xTimerGenericCommand
                0x0800b1d8       0x9c ./Middlewares/Third_Party/FreeRTOS/Source/timers.o
                0x0800b1d8                xTimerGenericCommand
 .text.prvProcessExpiredTimer
                0x0800b274       0x84 ./Middlewares/Third_Party/FreeRTOS/Source/timers.o
 .text.prvTimerTask
                0x0800b2f8       0x26 ./Middlewares/Third_Party/FreeRTOS/Source/timers.o
 *fill*         0x0800b31e        0x2 
 .text.prvProcessTimerOrBlockTask
                0x0800b320       0x9c ./Middlewares/Third_Party/FreeRTOS/Source/timers.o
 .text.prvGetNextExpireTime
                0x0800b3bc       0x48 ./Middlewares/Third_Party/FreeRTOS/Source/timers.o
 .text.prvSampleTimeNow
                0x0800b404       0x40 ./Middlewares/Third_Party/FreeRTOS/Source/timers.o
 .text.prvInsertTimerInActiveList
                0x0800b444       0x84 ./Middlewares/Third_Party/FreeRTOS/Source/timers.o
 .text.prvProcessReceivedCommands
                0x0800b4c8      0x178 ./Middlewares/Third_Party/FreeRTOS/Source/timers.o
 .text.prvSwitchTimerLists
                0x0800b640       0xc4 ./Middlewares/Third_Party/FreeRTOS/Source/timers.o
 .text.prvCheckForValidListAndQueue
                0x0800b704       0x80 ./Middlewares/Third_Party/FreeRTOS/Source/timers.o
 .text.pxPortInitialiseStack
                0x0800b784       0x58 ./Middlewares/Third_Party/FreeRTOS/Source/portable/GCC/ARM_CM3/port.o
                0x0800b784                pxPortInitialiseStack
 .text.prvTaskExitError
                0x0800b7dc       0x58 ./Middlewares/Third_Party/FreeRTOS/Source/portable/GCC/ARM_CM3/port.o
 *fill*         0x0800b834        0xc 
 .text.SVC_Handler
                0x0800b840       0x28 ./Middlewares/Third_Party/FreeRTOS/Source/portable/GCC/ARM_CM3/port.o
                0x0800b840                SVC_Handler
 .text.prvPortStartFirstTask
                0x0800b868       0x20 ./Middlewares/Third_Party/FreeRTOS/Source/portable/GCC/ARM_CM3/port.o
 .text.xPortStartScheduler
                0x0800b888       0xe4 ./Middlewares/Third_Party/FreeRTOS/Source/portable/GCC/ARM_CM3/port.o
                0x0800b888                xPortStartScheduler
 .text.vPortEnterCritical
                0x0800b96c       0x60 ./Middlewares/Third_Party/FreeRTOS/Source/portable/GCC/ARM_CM3/port.o
                0x0800b96c                vPortEnterCritical
 .text.vPortExitCritical
                0x0800b9cc       0x54 ./Middlewares/Third_Party/FreeRTOS/Source/portable/GCC/ARM_CM3/port.o
                0x0800b9cc                vPortExitCritical
 .text.PendSV_Handler
                0x0800ba20       0x48 ./Middlewares/Third_Party/FreeRTOS/Source/portable/GCC/ARM_CM3/port.o
                0x0800ba20                PendSV_Handler
 .text.SysTick_Handler
                0x0800ba68       0x44 ./Middlewares/Third_Party/FreeRTOS/Source/portable/GCC/ARM_CM3/port.o
                0x0800ba68                SysTick_Handler
 .text.vPortSetupTimerInterrupt
                0x0800baac       0x44 ./Middlewares/Third_Party/FreeRTOS/Source/portable/GCC/ARM_CM3/port.o
                0x0800baac                vPortSetupTimerInterrupt
 .text.vPortValidateInterruptPriority
                0x0800baf0       0x80 ./Middlewares/Third_Party/FreeRTOS/Source/portable/GCC/ARM_CM3/port.o
                0x0800baf0                vPortValidateInterruptPriority
 .text.pvPortMalloc
                0x0800bb70      0x190 ./Middlewares/Third_Party/FreeRTOS/Source/portable/MemMang/heap_4.o
                0x0800bb70                pvPortMalloc
 .text.vPortFree
                0x0800bd00       0xb8 ./Middlewares/Third_Party/FreeRTOS/Source/portable/MemMang/heap_4.o
                0x0800bd00                vPortFree
 .text.prvHeapInit
                0x0800bdb8       0xc4 ./Middlewares/Third_Party/FreeRTOS/Source/portable/MemMang/heap_4.o
 .text.prvInsertBlockIntoFreeList
                0x0800be7c       0xb0 ./Middlewares/Third_Party/FreeRTOS/Source/portable/MemMang/heap_4.o
 .text.sprintf  0x0800bf2c       0x40 /opt/st/stm32cubeide_1.14.0/plugins/com.st.stm32cube.ide.mcu.externaltools.gnu-tools-for-stm32.12.3.rel1.linux64_1.0.200.202406132123/tools/bin/../lib/gcc/arm-none-eabi/12.3.1/../../../../arm-none-eabi/lib/thumb/v7-m/nofp/libc_nano.a(libc_a-sprintf.o)
                0x0800bf2c                sprintf
                0x0800bf2c                siprintf
 .text.memset   0x0800bf6c       0x10 /opt/st/stm32cubeide_1.14.0/plugins/com.st.stm32cube.ide.mcu.externaltools.gnu-tools-for-stm32.12.3.rel1.linux64_1.0.200.202406132123/tools/bin/../lib/gcc/arm-none-eabi/12.3.1/../../../../arm-none-eabi/lib/thumb/v7-m/nofp/libc_nano.a(libc_a-memset.o)
                0x0800bf6c                memset
 .text._reclaim_reent
                0x0800bf7c       0xac /opt/st/stm32cubeide_1.14.0/plugins/com.st.stm32cube.ide.mcu.externaltools.gnu-tools-for-stm32.12.3.rel1.linux64_1.0.200.202406132123/tools/bin/../lib/gcc/arm-none-eabi/12.3.1/../../../../arm-none-eabi/lib/thumb/v7-m/nofp/libc_nano.a(libc_a-reent.o)
                0x0800bf7c                _reclaim_reent
 .text.__errno  0x0800c028        0xc /opt/st/stm32cubeide_1.14.0/plugins/com.st.stm32cube.ide.mcu.externaltools.gnu-tools-for-stm32.12.3.rel1.linux64_1.0.200.202406132123/tools/bin/../lib/gcc/arm-none-eabi/12.3.1/../../../../arm-none-eabi/lib/thumb/v7-m/nofp/libc_nano.a(libc_a-errno.o)
                0x0800c028                __errno
 .text.__libc_init_array
                0x0800c034       0x48 /opt/st/stm32cubeide_1.14.0/plugins/com.st.stm32cube.ide.mcu.externaltools.gnu-tools-for-stm32.12.3.rel1.linux64_1.0.200.202406132123/tools/bin/../lib/gcc/arm-none-eabi/12.3.1/../../../../arm-none-eabi/lib/thumb/v7-m/nofp/libc_nano.a(libc_a-init.o)
                0x0800c034                __libc_init_array
 .text.__retarget_lock_acquire_recursive
                0x0800c07c        0x2 /opt/st/stm32cubeide_1.14.0/plugins/com.st.stm32cube.ide.mcu.externaltools.gnu-tools-for-stm32.12.3.rel1.linux64_1.0.200.202406132123/tools/bin/../lib/gcc/arm-none-eabi/12.3.1/../../../../arm-none-eabi/lib/thumb/v7-m/nofp/libc_nano.a(libc_a-lock.o)
                0x0800c07c                __retarget_lock_acquire_recursive
 .text.__retarget_lock_release_recursive
                0x0800c07e        0x2 /opt/st/stm32cubeide_1.14.0/plugins/com.st.stm32cube.ide.mcu.externaltools.gnu-tools-for-stm32.12.3.rel1.linux64_1.0.200.202406132123/tools/bin/../lib/gcc/arm-none-eabi/12.3.1/../../../../arm-none-eabi/lib/thumb/v7-m/nofp/libc_nano.a(libc_a-lock.o)
                0x0800c07e                __retarget_lock_release_recursive
 .text.memcpy   0x0800c080       0x1c /opt/st/stm32cubeide_1.14.0/plugins/com.st.stm32cube.ide.mcu.externaltools.gnu-tools-for-stm32.12.3.rel1.linux64_1.0.200.202406132123/tools/bin/../lib/gcc/arm-none-eabi/12.3.1/../../../../arm-none-eabi/lib/thumb/v7-m/nofp/libc_nano.a(libc_a-memcpy-stub.o)
                0x0800c080                memcpy
 .text._free_r  0x0800c09c       0x90 /opt/st/stm32cubeide_1.14.0/plugins/com.st.stm32cube.ide.mcu.externaltools.gnu-tools-for-stm32.12.3.rel1.linux64_1.0.200.202406132123/tools/bin/../lib/gcc/arm-none-eabi/12.3.1/../../../../arm-none-eabi/lib/thumb/v7-m/nofp/libc_nano.a(libc_a-freer.o)
                0x0800c09c                _free_r
 .text.sbrk_aligned
                0x0800c12c       0x44 /opt/st/stm32cubeide_1.14.0/plugins/com.st.stm32cube.ide.mcu.externaltools.gnu-tools-for-stm32.12.3.rel1.linux64_1.0.200.202406132123/tools/bin/../lib/gcc/arm-none-eabi/12.3.1/../../../../arm-none-eabi/lib/thumb/v7-m/nofp/libc_nano.a(libc_a-mallocr.o)
 .text._malloc_r
                0x0800c170      0x100 /opt/st/stm32cubeide_1.14.0/plugins/com.st.stm32cube.ide.mcu.externaltools.gnu-tools-for-stm32.12.3.rel1.linux64_1.0.200.202406132123/tools/bin/../lib/gcc/arm-none-eabi/12.3.1/../../../../arm-none-eabi/lib/thumb/v7-m/nofp/libc_nano.a(libc_a-mallocr.o)
                0x0800c170                _malloc_r
 .text.__malloc_lock
                0x0800c270        0xc /opt/st/stm32cubeide_1.14.0/plugins/com.st.stm32cube.ide.mcu.externaltools.gnu-tools-for-stm32.12.3.rel1.linux64_1.0.200.202406132123/tools/bin/../lib/gcc/arm-none-eabi/12.3.1/../../../../arm-none-eabi/lib/thumb/v7-m/nofp/libc_nano.a(libc_a-mlock.o)
                0x0800c270                __malloc_lock
 .text.__malloc_unlock
                0x0800c27c        0xc /opt/st/stm32cubeide_1.14.0/plugins/com.st.stm32cube.ide.mcu.externaltools.gnu-tools-for-stm32.12.3.rel1.linux64_1.0.200.202406132123/tools/bin/../lib/gcc/arm-none-eabi/12.3.1/../../../../arm-none-eabi/lib/thumb/v7-m/nofp/libc_nano.a(libc_a-mlock.o)
                0x0800c27c                __malloc_unlock
 .text.__ssputs_r
                0x0800c288       0xb6 /opt/st/stm32cubeide_1.14.0/plugins/com.st.stm32cube.ide.mcu.externaltools.gnu-tools-for-stm32.12.3.rel1.linux64_1.0.200.202406132123/tools/bin/../lib/gcc/arm-none-eabi/12.3.1/../../../../arm-none-eabi/lib/thumb/v7-m/nofp/libc_nano.a(libc_a-nano-svfprintf.o)
                0x0800c288                __ssputs_r
 *fill*         0x0800c33e        0x2 
 .text._svfprintf_r
                0x0800c340      0x1f8 /opt/st/stm32cubeide_1.14.0/plugins/com.st.stm32cube.ide.mcu.externaltools.gnu-tools-for-stm32.12.3.rel1.linux64_1.0.200.202406132123/tools/bin/../lib/gcc/arm-none-eabi/12.3.1/../../../../arm-none-eabi/lib/thumb/v7-m/nofp/libc_nano.a(libc_a-nano-svfprintf.o)
                0x0800c340                _svfprintf_r
                0x0800c340                _svfiprintf_r
 .text._printf_common
                0x0800c538       0xe4 /opt/st/stm32cubeide_1.14.0/plugins/com.st.stm32cube.ide.mcu.externaltools.gnu-tools-for-stm32.12.3.rel1.linux64_1.0.200.202406132123/tools/bin/../lib/gcc/arm-none-eabi/12.3.1/../../../../arm-none-eabi/lib/thumb/v7-m/nofp/libc_nano.a(libc_a-nano-vfprintf_i.o)
                0x0800c538                _printf_common
 .text._printf_i
                0x0800c61c      0x240 /opt/st/stm32cubeide_1.14.0/plugins/com.st.stm32cube.ide.mcu.externaltools.gnu-tools-for-stm32.12.3.rel1.linux64_1.0.200.202406132123/tools/bin/../lib/gcc/arm-none-eabi/12.3.1/../../../../arm-none-eabi/lib/thumb/v7-m/nofp/libc_nano.a(libc_a-nano-vfprintf_i.o)
                0x0800c61c                _printf_i
 .text.memmove  0x0800c85c       0x34 /opt/st/stm32cubeide_1.14.0/plugins/com.st.stm32cube.ide.mcu.externaltools.gnu-tools-for-stm32.12.3.rel1.linux64_1.0.200.202406132123/tools/bin/../lib/gcc/arm-none-eabi/12.3.1/../../../../arm-none-eabi/lib/thumb/v7-m/nofp/libc_nano.a(libc_a-memmove.o)
                0x0800c85c                memmove
 .text._sbrk_r  0x0800c890       0x20 /opt/st/stm32cubeide_1.14.0/plugins/com.st.stm32cube.ide.mcu.externaltools.gnu-tools-for-stm32.12.3.rel1.linux64_1.0.200.202406132123/tools/bin/../lib/gcc/arm-none-eabi/12.3.1/../../../../arm-none-eabi/lib/thumb/v7-m/nofp/libc_nano.a(libc_a-sbrkr.o)
                0x0800c890                _sbrk_r
 .text.memchr   0x0800c8b0       0x1c /opt/st/stm32cubeide_1.14.0/plugins/com.st.stm32cube.ide.mcu.externaltools.gnu-tools-for-stm32.12.3.rel1.linux64_1.0.200.202406132123/tools/bin/../lib/gcc/arm-none-eabi/12.3.1/../../../../arm-none-eabi/lib/thumb/v7-m/nofp/libc_nano.a(libc_a-memchr-stub.o)
                0x0800c8b0                memchr
 .text._realloc_r
                0x0800c8cc       0x5c /opt/st/stm32cubeide_1.14.0/plugins/com.st.stm32cube.ide.mcu.externaltools.gnu-tools-for-stm32.12.3.rel1.linux64_1.0.200.202406132123/tools/bin/../lib/gcc/arm-none-eabi/12.3.1/../../../../arm-none-eabi/lib/thumb/v7-m/nofp/libc_nano.a(libc_a-reallocr.o)
                0x0800c8cc                _realloc_r
 .text._malloc_usable_size_r
                0x0800c928       0x10 /opt/st/stm32cubeide_1.14.0/plugins/com.st.stm32cube.ide.mcu.externaltools.gnu-tools-for-stm32.12.3.rel1.linux64_1.0.200.202406132123/tools/bin/../lib/gcc/arm-none-eabi/12.3.1/../../../../arm-none-eabi/lib/thumb/v7-m/nofp/libc_nano.a(libc_a-msizer.o)
                0x0800c928                _malloc_usable_size_r
 .text.sqrtf    0x0800c938       0x34 /opt/st/stm32cubeide_1.14.0/plugins/com.st.stm32cube.ide.mcu.externaltools.gnu-tools-for-stm32.12.3.rel1.linux64_1.0.200.202406132123/tools/bin/../lib/gcc/arm-none-eabi/12.3.1/../../../../arm-none-eabi/lib/thumb/v7-m/nofp/libm.a(libm_a-wf_sqrt.o)
                0x0800c938                sqrtf
 .text.sinf     0x0800c96c       0x74 /opt/st/stm32cubeide_1.14.0/plugins/com.st.stm32cube.ide.mcu.externaltools.gnu-tools-for-stm32.12.3.rel1.linux64_1.0.200.202406132123/tools/bin/../lib/gcc/arm-none-eabi/12.3.1/../../../../arm-none-eabi/lib/thumb/v7-m/nofp/libm.a(libm_a-sf_sin.o)
                0x0800c96c                sinf
 .text.__ieee754_sqrtf
                0x0800c9e0       0xe0 /opt/st/stm32cubeide_1.14.0/plugins/com.st.stm32cube.ide.mcu.externaltools.gnu-tools-for-stm32.12.3.rel1.linux64_1.0.200.202406132123/tools/bin/../lib/gcc/arm-none-eabi/12.3.1/../../../../arm-none-eabi/lib/thumb/v7-m/nofp/libm.a(libm_a-ef_sqrt.o)
                0x0800c9e0                __ieee754_sqrtf
 .text.rintf    0x0800cac0       0xa8 /opt/st/stm32cubeide_1.14.0/plugins/com.st.stm32cube.ide.mcu.externaltools.gnu-tools-for-stm32.12.3.rel1.linux64_1.0.200.202406132123/tools/bin/../lib/gcc/arm-none-eabi/12.3.1/../../../../arm-none-eabi/lib/thumb/v7-m/nofp/libm.a(libm_a-sf_rint.o)
                0x0800cac0                rintf
 .text.__kernel_cosf
                0x0800cb68      0x100 /opt/st/stm32cubeide_1.14.0/plugins/com.st.stm32cube.ide.mcu.externaltools.gnu-tools-for-stm32.12.3.rel1.linux64_1.0.200.202406132123/tools/bin/../lib/gcc/arm-none-eabi/12.3.1/../../../../arm-none-eabi/lib/thumb/v7-m/nofp/libm.a(libm_a-kf_cos.o)
                0x0800cb68                __kernel_cosf
 .text.__kernel_sinf
                0x0800cc68       0xec /opt/st/stm32cubeide_1.14.0/plugins/com.st.stm32cube.ide.mcu.externaltools.gnu-tools-for-stm32.12.3.rel1.linux64_1.0.200.202406132123/tools/bin/../lib/gcc/arm-none-eabi/12.3.1/../../../../arm-none-eabi/lib/thumb/v7-m/nofp/libm.a(libm_a-kf_sin.o)
                0x0800cc68                __kernel_sinf
 .text.__ieee754_rem_pio2f
                0x0800cd54      0x2cc /opt/st/stm32cubeide_1.14.0/plugins/com.st.stm32cube.ide.mcu.externaltools.gnu-tools-for-stm32.12.3.rel1.linux64_1.0.200.202406132123/tools/bin/../lib/gcc/arm-none-eabi/12.3.1/../../../../arm-none-eabi/lib/thumb/v7-m/nofp/libm.a(libm_a-ef_rem_pio2.o)
                0x0800cd54                __ieee754_rem_pio2f
 .text.fabsf    0x0800d020        0x6 /opt/st/stm32cubeide_1.14.0/plugins/com.st.stm32cube.ide.mcu.externaltools.gnu-tools-for-stm32.12.3.rel1.linux64_1.0.200.202406132123/tools/bin/../lib/gcc/arm-none-eabi/12.3.1/../../../../arm-none-eabi/lib/thumb/v7-m/nofp/libm.a(libm_a-sf_fabs.o)
                0x0800d020                fabsf
 *fill*         0x0800d026        0x2 
 .text.__kernel_rem_pio2f
                0x0800d028      0x540 /opt/st/stm32cubeide_1.14.0/plugins/com.st.stm32cube.ide.mcu.externaltools.gnu-tools-for-stm32.12.3.rel1.linux64_1.0.200.202406132123/tools/bin/../lib/gcc/arm-none-eabi/12.3.1/../../../../arm-none-eabi/lib/thumb/v7-m/nofp/libm.a(libm_a-kf_rem_pio2.o)
                0x0800d028                __kernel_rem_pio2f
 .text.scalbnf  0x0800d568       0x98 /opt/st/stm32cubeide_1.14.0/plugins/com.st.stm32cube.ide.mcu.externaltools.gnu-tools-for-stm32.12.3.rel1.linux64_1.0.200.202406132123/tools/bin/../lib/gcc/arm-none-eabi/12.3.1/../../../../arm-none-eabi/lib/thumb/v7-m/nofp/libm.a(libm_a-sf_scalbn.o)
                0x0800d568                scalbnf
 .text.floorf   0x0800d600       0x84 /opt/st/stm32cubeide_1.14.0/plugins/com.st.stm32cube.ide.mcu.externaltools.gnu-tools-for-stm32.12.3.rel1.linux64_1.0.200.202406132123/tools/bin/../lib/gcc/arm-none-eabi/12.3.1/../../../../arm-none-eabi/lib/thumb/v7-m/nofp/libm.a(libm_a-sf_floor.o)
                0x0800d600                floorf
 *(.glue_7)
 .glue_7        0x0800d684        0x0 linker stubs
 *(.glue_7t)
 .glue_7t       0x0800d684        0x0 linker stubs
 *(.eh_frame)
 .eh_frame      0x0800d684        0x0 /opt/st/stm32cubeide_1.14.0/plugins/com.st.stm32cube.ide.mcu.externaltools.gnu-tools-for-stm32.12.3.rel1.linux64_1.0.200.202406132123/tools/bin/../lib/gcc/arm-none-eabi/12.3.1/thumb/v7-m/nofp/crtbegin.o
 *(.init)
 .init          0x0800d684        0x4 /opt/st/stm32cubeide_1.14.0/plugins/com.st.stm32cube.ide.mcu.externaltools.gnu-tools-for-stm32.12.3.rel1.linux64_1.0.200.202406132123/tools/bin/../lib/gcc/arm-none-eabi/12.3.1/thumb/v7-m/nofp/crti.o
                0x0800d684                _init
 .init          0x0800d688        0x8 /opt/st/stm32cubeide_1.14.0/plugins/com.st.stm32cube.ide.mcu.externaltools.gnu-tools-for-stm32.12.3.rel1.linux64_1.0.200.202406132123/tools/bin/../lib/gcc/arm-none-eabi/12.3.1/thumb/v7-m/nofp/crtn.o
 *(.fini)
 .fini          0x0800d690        0x4 /opt/st/stm32cubeide_1.14.0/plugins/com.st.stm32cube.ide.mcu.externaltools.gnu-tools-for-stm32.12.3.rel1.linux64_1.0.200.202406132123/tools/bin/../lib/gcc/arm-none-eabi/12.3.1/thumb/v7-m/nofp/crti.o
                0x0800d690                _fini
 .fini          0x0800d694        0x8 /opt/st/stm32cubeide_1.14.0/plugins/com.st.stm32cube.ide.mcu.externaltools.gnu-tools-for-stm32.12.3.rel1.linux64_1.0.200.202406132123/tools/bin/../lib/gcc/arm-none-eabi/12.3.1/thumb/v7-m/nofp/crtn.o
                0x0800d69c                        . = ALIGN (0x4)
                0x0800d69c                        _etext = .

.vfp11_veneer   0x0800d69c        0x0
 .vfp11_veneer  0x0800d69c        0x0 linker stubs

.v4_bx          0x0800d69c        0x0
 .v4_bx         0x0800d69c        0x0 linker stubs

.iplt           0x0800d69c        0x0
 .iplt          0x0800d69c        0x0 /opt/st/stm32cubeide_1.14.0/plugins/com.st.stm32cube.ide.mcu.externaltools.gnu-tools-for-stm32.12.3.rel1.linux64_1.0.200.202406132123/tools/bin/../lib/gcc/arm-none-eabi/12.3.1/thumb/v7-m/nofp/crtbegin.o

.rodata         0x0800d69c      0xcbc
                0x0800d69c                        . = ALIGN (0x4)
 *(.rodata)
 .rodata        0x0800d69c       0x54 ./Core/Src/display_analizador.o
 .rodata        0x0800d6f0       0x2c ./Core/Src/main.o
 .rodata        0x0800d71c        0x5 ./Middlewares/Third_Party/FreeRTOS/Source/tasks.o
 *fill*         0x0800d721        0x3 
 .rodata        0x0800d724        0xd ./Middlewares/Third_Party/FreeRTOS/Source/timers.o
 *(.rodata*)
 *fill*         0x0800d731        0x3 
 .rodata.Font7x10
                0x0800d734      0x76c ./Core/Src/fonts.o
                0x0800d734                Font7x10
 .rodata.display_attributes
                0x0800dea0       0x24 ./Core/Src/main.o
                0x0800dea0                display_attributes
 .rodata.fft_attributes
                0x0800dec4       0x24 ./Core/Src/main.o
                0x0800dec4                fft_attributes
 .rodata.switchesData_attributes
                0x0800dee8       0x18 ./Core/Src/main.o
                0x0800dee8                switchesData_attributes
 .rodata.fftRead_attributes
                0x0800df00       0x10 ./Core/Src/main.o
                0x0800df00                fftRead_attributes
 .rodata.adcSave_attributes
                0x0800df10       0x10 ./Core/Src/main.o
                0x0800df10                adcSave_attributes
 .rodata.AHBPrescTable
                0x0800df20       0x10 ./Core/Src/system_stm32f1xx.o
                0x0800df20                AHBPrescTable
 .rodata.APBPrescTable
                0x0800df30        0x8 ./Core/Src/system_stm32f1xx.o
                0x0800df30                APBPrescTable
 .rodata.aPLLMULFactorTable.1
                0x0800df38       0x10 ./Drivers/STM32F1xx_HAL_Driver/Src/stm32f1xx_hal_rcc.o
 .rodata.aPredivFactorTable.0
                0x0800df48        0x2 ./Drivers/STM32F1xx_HAL_Driver/Src/stm32f1xx_hal_rcc.o
 .rodata._svfprintf_r.str1.1
                0x0800df4a       0x11 /opt/st/stm32cubeide_1.14.0/plugins/com.st.stm32cube.ide.mcu.externaltools.gnu-tools-for-stm32.12.3.rel1.linux64_1.0.200.202406132123/tools/bin/../lib/gcc/arm-none-eabi/12.3.1/../../../../arm-none-eabi/lib/thumb/v7-m/nofp/libc_nano.a(libc_a-nano-svfprintf.o)
 .rodata._printf_i.str1.1
                0x0800df5b       0x22 /opt/st/stm32cubeide_1.14.0/plugins/com.st.stm32cube.ide.mcu.externaltools.gnu-tools-for-stm32.12.3.rel1.linux64_1.0.200.202406132123/tools/bin/../lib/gcc/arm-none-eabi/12.3.1/../../../../arm-none-eabi/lib/thumb/v7-m/nofp/libc_nano.a(libc_a-nano-vfprintf_i.o)
 *fill*         0x0800df7d        0x3 
 .rodata.TWO23  0x0800df80        0x8 /opt/st/stm32cubeide_1.14.0/plugins/com.st.stm32cube.ide.mcu.externaltools.gnu-tools-for-stm32.12.3.rel1.linux64_1.0.200.202406132123/tools/bin/../lib/gcc/arm-none-eabi/12.3.1/../../../../arm-none-eabi/lib/thumb/v7-m/nofp/libm.a(libm_a-sf_rint.o)
 .rodata.npio2_hw
                0x0800df88       0x80 /opt/st/stm32cubeide_1.14.0/plugins/com.st.stm32cube.ide.mcu.externaltools.gnu-tools-for-stm32.12.3.rel1.linux64_1.0.200.202406132123/tools/bin/../lib/gcc/arm-none-eabi/12.3.1/../../../../arm-none-eabi/lib/thumb/v7-m/nofp/libm.a(libm_a-ef_rem_pio2.o)
 .rodata.two_over_pi
                0x0800e008      0x318 /opt/st/stm32cubeide_1.14.0/plugins/com.st.stm32cube.ide.mcu.externaltools.gnu-tools-for-stm32.12.3.rel1.linux64_1.0.200.202406132123/tools/bin/../lib/gcc/arm-none-eabi/12.3.1/../../../../arm-none-eabi/lib/thumb/v7-m/nofp/libm.a(libm_a-ef_rem_pio2.o)
 .rodata.PIo2   0x0800e320       0x2c /opt/st/stm32cubeide_1.14.0/plugins/com.st.stm32cube.ide.mcu.externaltools.gnu-tools-for-stm32.12.3.rel1.linux64_1.0.200.202406132123/tools/bin/../lib/gcc/arm-none-eabi/12.3.1/../../../../arm-none-eabi/lib/thumb/v7-m/nofp/libm.a(libm_a-kf_rem_pio2.o)
 .rodata.init_jk
                0x0800e34c        0xc /opt/st/stm32cubeide_1.14.0/plugins/com.st.stm32cube.ide.mcu.externaltools.gnu-tools-for-stm32.12.3.rel1.linux64_1.0.200.202406132123/tools/bin/../lib/gcc/arm-none-eabi/12.3.1/../../../../arm-none-eabi/lib/thumb/v7-m/nofp/libm.a(libm_a-kf_rem_pio2.o)
                0x0800e358                        . = ALIGN (0x4)

.ARM.extab      0x0800e358        0x0
                0x0800e358                        . = ALIGN (0x4)
 *(.ARM.extab* .gnu.linkonce.armextab.*)
                0x0800e358                        . = ALIGN (0x4)

.ARM            0x0800e358        0x0
                0x0800e358                        . = ALIGN (0x4)
                0x0800e358                        __exidx_start = .
 *(.ARM.exidx*)
                0x0800e358                        __exidx_end = .
                0x0800e358                        . = ALIGN (0x4)

.preinit_array  0x0800e358        0x0
                0x0800e358                        . = ALIGN (0x4)
                0x0800e358                        PROVIDE (__preinit_array_start = .)
 *(.preinit_array*)
                0x0800e358                        PROVIDE (__preinit_array_end = .)
                0x0800e358                        . = ALIGN (0x4)

.init_array     0x0800e358        0x4
                0x0800e358                        . = ALIGN (0x4)
                0x0800e358                        PROVIDE (__init_array_start = .)
 *(SORT_BY_NAME(.init_array.*))
 *(.init_array*)
 .init_array    0x0800e358        0x4 /opt/st/stm32cubeide_1.14.0/plugins/com.st.stm32cube.ide.mcu.externaltools.gnu-tools-for-stm32.12.3.rel1.linux64_1.0.200.202406132123/tools/bin/../lib/gcc/arm-none-eabi/12.3.1/thumb/v7-m/nofp/crtbegin.o
                0x0800e35c                        PROVIDE (__init_array_end = .)
                0x0800e35c                        . = ALIGN (0x4)

.fini_array     0x0800e35c        0x4
                0x0800e35c                        . = ALIGN (0x4)
                [!provide]                        PROVIDE (__fini_array_start = .)
 *(SORT_BY_NAME(.fini_array.*))
 *(.fini_array*)
 .fini_array    0x0800e35c        0x4 /opt/st/stm32cubeide_1.14.0/plugins/com.st.stm32cube.ide.mcu.externaltools.gnu-tools-for-stm32.12.3.rel1.linux64_1.0.200.202406132123/tools/bin/../lib/gcc/arm-none-eabi/12.3.1/thumb/v7-m/nofp/crtbegin.o
                [!provide]                        PROVIDE (__fini_array_end = .)
                0x0800e360                        . = ALIGN (0x4)
                0x0800e360                        _sidata = LOADADDR (.data)

.rel.dyn        0x0800e360        0x0
 .rel.iplt      0x0800e360        0x0 /opt/st/stm32cubeide_1.14.0/plugins/com.st.stm32cube.ide.mcu.externaltools.gnu-tools-for-stm32.12.3.rel1.linux64_1.0.200.202406132123/tools/bin/../lib/gcc/arm-none-eabi/12.3.1/thumb/v7-m/nofp/crtbegin.o

.data           0x20000000      0x91c load address 0x0800e360
                0x20000000                        . = ALIGN (0x4)
                0x20000000                        _sdata = .
 *(.data)
 *(.data*)
 .data.inputs   0x20000000       0x12 ./Core/Src/display_analizador.o
 *fill*         0x20000012        0x2 
 .data.inputs_comp
                0x20000014       0x12 ./Core/Src/display_analizador.o
 .data.selected_state
                0x20000026        0x1 ./Core/Src/display_analizador.o
 *fill*         0x20000027        0x1 
 .data.current_values
                0x20000028       0x10 ./Core/Src/display_analizador.o
 .data.strings  0x20000038       0x34 ./Core/Src/display_analizador.o
 .data.cursor_selec
                0x2000006c        0xd ./Core/Src/display_analizador.o
 *fill*         0x20000079        0x3 
 .data.cursor_selec_amp
                0x2000007c        0xd ./Core/Src/display_analizador.o
 *fill*         0x20000089        0x3 
 .data.triangle_config
                0x2000008c        0x8 ./Core/Src/display_analizador.o
 .data.encoder_state
                0x20000094        0x1 ./Core/Src/encoder.o
 *fill*         0x20000095        0x3 
 .data.encoder  0x20000098        0x2 ./Core/Src/encoder.o
 *fill*         0x2000009a        0x2 
 .data.dt_pin   0x2000009c        0x8 ./Core/Src/encoder_hal.o
 .data.clk_pin  0x200000a4        0x8 ./Core/Src/encoder_hal.o
 .data.e_values
                0x200000ac      0x800 ./Core/Src/fft.o
 .data.Font_7x10
                0x200008ac        0x8 ./Core/Src/fonts.o
                0x200008ac                Font_7x10
 .data.SystemCoreClock
                0x200008b4        0x4 ./Core/Src/system_stm32f1xx.o
                0x200008b4                SystemCoreClock
 .data.uwTickPrio
                0x200008b8        0x4 ./Drivers/STM32F1xx_HAL_Driver/Src/stm32f1xx_hal.o
                0x200008b8                uwTickPrio
 .data.uwTickFreq
                0x200008bc        0x1 ./Drivers/STM32F1xx_HAL_Driver/Src/stm32f1xx_hal.o
                0x200008bc                uwTickFreq
 *fill*         0x200008bd        0x3 
 .data.uxCriticalNesting
                0x200008c0        0x4 ./Middlewares/Third_Party/FreeRTOS/Source/portable/GCC/ARM_CM3/port.o
 .data._impure_ptr
                0x200008c4        0x4 /opt/st/stm32cubeide_1.14.0/plugins/com.st.stm32cube.ide.mcu.externaltools.gnu-tools-for-stm32.12.3.rel1.linux64_1.0.200.202406132123/tools/bin/../lib/gcc/arm-none-eabi/12.3.1/../../../../arm-none-eabi/lib/thumb/v7-m/nofp/libc_nano.a(libc_a-impure.o)
                0x200008c4                _impure_ptr
 .data._impure_data
                0x200008c8       0x4c /opt/st/stm32cubeide_1.14.0/plugins/com.st.stm32cube.ide.mcu.externaltools.gnu-tools-for-stm32.12.3.rel1.linux64_1.0.200.202406132123/tools/bin/../lib/gcc/arm-none-eabi/12.3.1/../../../../arm-none-eabi/lib/thumb/v7-m/nofp/libc_nano.a(libc_a-impure.o)
                0x200008c8                _impure_data
 .data.tiny     0x20000914        0x4 /opt/st/stm32cubeide_1.14.0/plugins/com.st.stm32cube.ide.mcu.externaltools.gnu-tools-for-stm32.12.3.rel1.linux64_1.0.200.202406132123/tools/bin/../lib/gcc/arm-none-eabi/12.3.1/../../../../arm-none-eabi/lib/thumb/v7-m/nofp/libm.a(libm_a-ef_sqrt.o)
 .data.one      0x20000918        0x4 /opt/st/stm32cubeide_1.14.0/plugins/com.st.stm32cube.ide.mcu.externaltools.gnu-tools-for-stm32.12.3.rel1.linux64_1.0.200.202406132123/tools/bin/../lib/gcc/arm-none-eabi/12.3.1/../../../../arm-none-eabi/lib/thumb/v7-m/nofp/libm.a(libm_a-ef_sqrt.o)
 *(.RamFunc)
 *(.RamFunc*)
                0x2000091c                        . = ALIGN (0x4)
                0x2000091c                        _edata = .

.igot.plt       0x2000091c        0x0 load address 0x0800ec7c
 .igot.plt      0x2000091c        0x0 /opt/st/stm32cubeide_1.14.0/plugins/com.st.stm32cube.ide.mcu.externaltools.gnu-tools-for-stm32.12.3.rel1.linux64_1.0.200.202406132123/tools/bin/../lib/gcc/arm-none-eabi/12.3.1/thumb/v7-m/nofp/crtbegin.o
                0x2000091c                        . = ALIGN (0x4)

.bss            0x2000091c     0x306c load address 0x0800ec7c
                0x2000091c                        _sbss = .
                0x2000091c                        __bss_start__ = _sbss
 *(.bss)
 .bss           0x2000091c       0x1c /opt/st/stm32cubeide_1.14.0/plugins/com.st.stm32cube.ide.mcu.externaltools.gnu-tools-for-stm32.12.3.rel1.linux64_1.0.200.202406132123/tools/bin/../lib/gcc/arm-none-eabi/12.3.1/thumb/v7-m/nofp/crtbegin.o
 *(.bss*)
 .bss.fft_screen_points
                0x20000938      0x400 ./Core/Src/display_analizador.o
 .bss.buffer_fft_data
                0x20000d38      0x580 ./Core/Src/display_analizador.o
 .bss.uart_sender
                0x200012b8        0x4 ./Core/Src/display_analizador.o
 .bss.old_values
                0x200012bc       0x10 ./Core/Src/display_analizador.o
 .bss.pwm_set   0x200012cc       0x10 ./Core/Src/display_analizador.o
 .bss.hadc1     0x200012dc       0x30 ./Core/Src/main.o
                0x200012dc                hadc1
 .bss.hi2c1     0x2000130c       0x54 ./Core/Src/main.o
                0x2000130c                hi2c1
 .bss.htim2     0x20001360       0x48 ./Core/Src/main.o
                0x20001360                htim2
 .bss.htim3     0x200013a8       0x48 ./Core/Src/main.o
                0x200013a8                htim3
 .bss.hdma_tim2_ch1
                0x200013f0       0x44 ./Core/Src/main.o
                0x200013f0                hdma_tim2_ch1
 .bss.huart1    0x20001434       0x48 ./Core/Src/main.o
                0x20001434                huart1
 .bss.displayHandle
                0x2000147c        0x4 ./Core/Src/main.o
                0x2000147c                displayHandle
 .bss.fftHandle
                0x20001480        0x4 ./Core/Src/main.o
                0x20001480                fftHandle
 .bss.switchesDataHandle
                0x20001484        0x4 ./Core/Src/main.o
                0x20001484                switchesDataHandle
 .bss.fftReadHandle
                0x20001488        0x4 ./Core/Src/main.o
                0x20001488                fftReadHandle
 .bss.adcSaveHandle
                0x2000148c        0x4 ./Core/Src/main.o
                0x2000148c                adcSaveHandle
 .bss.adc_data  0x20001490      0x200 ./Core/Src/main.o
                0x20001490                adc_data
 .bss.count     0x20001690        0x2 ./Core/Src/main.o
                0x20001690                count
 *fill*         0x20001692        0x2 
 .bss.wave      0x20001694      0x3e8 ./Core/Src/pwm.o
 .bss.timer     0x20001a7c        0x4 ./Core/Src/pwm.o
 .bss.channel   0x20001a80        0x4 ./Core/Src/pwm.o
 .bss.SSD1306_Buffer
                0x20001a84      0x400 ./Core/Src/ssd1306.o
 .bss.SSD1306   0x20001e84        0x6 ./Core/Src/ssd1306.o
 *fill*         0x20001e8a        0x2 
 .bss.htim4     0x20001e8c       0x48 ./Core/Src/stm32f1xx_hal_timebase_tim.o
                0x20001e8c                htim4
 .bss.__sbrk_heap_end
                0x20001ed4        0x4 ./Core/Src/sysmem.o
 .bss.uwTick    0x20001ed8        0x4 ./Drivers/STM32F1xx_HAL_Driver/Src/stm32f1xx_hal.o
                0x20001ed8                uwTick
 .bss.KernelState
                0x20001edc        0x4 ./Middlewares/Third_Party/FreeRTOS/Source/CMSIS_RTOS_V2/cmsis_os2.o
 .bss.Idle_TCB  0x20001ee0       0xac ./Middlewares/Third_Party/FreeRTOS/Source/CMSIS_RTOS_V2/cmsis_os2.o
 .bss.Idle_Stack
                0x20001f8c      0x200 ./Middlewares/Third_Party/FreeRTOS/Source/CMSIS_RTOS_V2/cmsis_os2.o
 .bss.Timer_TCB
                0x2000218c       0xac ./Middlewares/Third_Party/FreeRTOS/Source/CMSIS_RTOS_V2/cmsis_os2.o
 .bss.Timer_Stack
                0x20002238      0x400 ./Middlewares/Third_Party/FreeRTOS/Source/CMSIS_RTOS_V2/cmsis_os2.o
 .bss.xQueueRegistry
                0x20002638       0x40 ./Middlewares/Third_Party/FreeRTOS/Source/queue.o
                0x20002638                xQueueRegistry
 .bss.pxCurrentTCB
                0x20002678        0x4 ./Middlewares/Third_Party/FreeRTOS/Source/tasks.o
                0x20002678                pxCurrentTCB
 .bss.pxReadyTasksLists
                0x2000267c      0x460 ./Middlewares/Third_Party/FreeRTOS/Source/tasks.o
 .bss.xDelayedTaskList1
                0x20002adc       0x14 ./Middlewares/Third_Party/FreeRTOS/Source/tasks.o
 .bss.xDelayedTaskList2
                0x20002af0       0x14 ./Middlewares/Third_Party/FreeRTOS/Source/tasks.o
 .bss.pxDelayedTaskList
                0x20002b04        0x4 ./Middlewares/Third_Party/FreeRTOS/Source/tasks.o
 .bss.pxOverflowDelayedTaskList
                0x20002b08        0x4 ./Middlewares/Third_Party/FreeRTOS/Source/tasks.o
 .bss.xPendingReadyList
                0x20002b0c       0x14 ./Middlewares/Third_Party/FreeRTOS/Source/tasks.o
 .bss.xTasksWaitingTermination
                0x20002b20       0x14 ./Middlewares/Third_Party/FreeRTOS/Source/tasks.o
 .bss.uxDeletedTasksWaitingCleanUp
                0x20002b34        0x4 ./Middlewares/Third_Party/FreeRTOS/Source/tasks.o
 .bss.xSuspendedTaskList
                0x20002b38       0x14 ./Middlewares/Third_Party/FreeRTOS/Source/tasks.o
 .bss.uxCurrentNumberOfTasks
                0x20002b4c        0x4 ./Middlewares/Third_Party/FreeRTOS/Source/tasks.o
 .bss.xTickCount
                0x20002b50        0x4 ./Middlewares/Third_Party/FreeRTOS/Source/tasks.o
 .bss.uxTopReadyPriority
                0x20002b54        0x4 ./Middlewares/Third_Party/FreeRTOS/Source/tasks.o
 .bss.xSchedulerRunning
                0x20002b58        0x4 ./Middlewares/Third_Party/FreeRTOS/Source/tasks.o
 .bss.uxPendedTicks
                0x20002b5c        0x4 ./Middlewares/Third_Party/FreeRTOS/Source/tasks.o
 .bss.xYieldPending
                0x20002b60        0x4 ./Middlewares/Third_Party/FreeRTOS/Source/tasks.o
 .bss.xNumOfOverflows
                0x20002b64        0x4 ./Middlewares/Third_Party/FreeRTOS/Source/tasks.o
 .bss.uxTaskNumber
                0x20002b68        0x4 ./Middlewares/Third_Party/FreeRTOS/Source/tasks.o
 .bss.xNextTaskUnblockTime
                0x20002b6c        0x4 ./Middlewares/Third_Party/FreeRTOS/Source/tasks.o
 .bss.xIdleTaskHandle
                0x20002b70        0x4 ./Middlewares/Third_Party/FreeRTOS/Source/tasks.o
 .bss.uxSchedulerSuspended
                0x20002b74        0x4 ./Middlewares/Third_Party/FreeRTOS/Source/tasks.o
 .bss.xActiveTimerList1
                0x20002b78       0x14 ./Middlewares/Third_Party/FreeRTOS/Source/timers.o
 .bss.xActiveTimerList2
                0x20002b8c       0x14 ./Middlewares/Third_Party/FreeRTOS/Source/timers.o
 .bss.pxCurrentTimerList
                0x20002ba0        0x4 ./Middlewares/Third_Party/FreeRTOS/Source/timers.o
 .bss.pxOverflowTimerList
                0x20002ba4        0x4 ./Middlewares/Third_Party/FreeRTOS/Source/timers.o
 .bss.xTimerQueue
                0x20002ba8        0x4 ./Middlewares/Third_Party/FreeRTOS/Source/timers.o
 .bss.xTimerTaskHandle
                0x20002bac        0x4 ./Middlewares/Third_Party/FreeRTOS/Source/timers.o
 .bss.xLastTime.2
                0x20002bb0        0x4 ./Middlewares/Third_Party/FreeRTOS/Source/timers.o
 .bss.ucStaticTimerQueueStorage.1
                0x20002bb4       0xa0 ./Middlewares/Third_Party/FreeRTOS/Source/timers.o
 .bss.xStaticTimerQueue.0
                0x20002c54       0x50 ./Middlewares/Third_Party/FreeRTOS/Source/timers.o
 .bss.ucMaxSysCallPriority
                0x20002ca4        0x1 ./Middlewares/Third_Party/FreeRTOS/Source/portable/GCC/ARM_CM3/port.o
 *fill*         0x20002ca5        0x3 
 .bss.ulMaxPRIGROUPValue
                0x20002ca8        0x4 ./Middlewares/Third_Party/FreeRTOS/Source/portable/GCC/ARM_CM3/port.o
 .bss.ucHeap    0x20002cac      0xb79 ./Middlewares/Third_Party/FreeRTOS/Source/portable/MemMang/heap_4.o
 *fill*         0x20003825        0x3 
 .bss.xStart    0x20003828        0x8 ./Middlewares/Third_Party/FreeRTOS/Source/portable/MemMang/heap_4.o
 .bss.pxEnd     0x20003830        0x4 ./Middlewares/Third_Party/FreeRTOS/Source/portable/MemMang/heap_4.o
 .bss.xFreeBytesRemaining
                0x20003834        0x4 ./Middlewares/Third_Party/FreeRTOS/Source/portable/MemMang/heap_4.o
 .bss.xMinimumEverFreeBytesRemaining
                0x20003838        0x4 ./Middlewares/Third_Party/FreeRTOS/Source/portable/MemMang/heap_4.o
 .bss.xBlockAllocatedBit
                0x2000383c        0x4 ./Middlewares/Third_Party/FreeRTOS/Source/portable/MemMang/heap_4.o
 .bss.__sf      0x20003840      0x138 /opt/st/stm32cubeide_1.14.0/plugins/com.st.stm32cube.ide.mcu.externaltools.gnu-tools-for-stm32.12.3.rel1.linux64_1.0.200.202406132123/tools/bin/../lib/gcc/arm-none-eabi/12.3.1/../../../../arm-none-eabi/lib/thumb/v7-m/nofp/libc_nano.a(libc_a-findfp.o)
                0x20003840                __sf
 .bss.errno     0x20003978        0x4 /opt/st/stm32cubeide_1.14.0/plugins/com.st.stm32cube.ide.mcu.externaltools.gnu-tools-for-stm32.12.3.rel1.linux64_1.0.200.202406132123/tools/bin/../lib/gcc/arm-none-eabi/12.3.1/../../../../arm-none-eabi/lib/thumb/v7-m/nofp/libc_nano.a(libc_a-reent.o)
                0x20003978                errno
 .bss.__lock___malloc_recursive_mutex
                0x2000397c        0x1 /opt/st/stm32cubeide_1.14.0/plugins/com.st.stm32cube.ide.mcu.externaltools.gnu-tools-for-stm32.12.3.rel1.linux64_1.0.200.202406132123/tools/bin/../lib/gcc/arm-none-eabi/12.3.1/../../../../arm-none-eabi/lib/thumb/v7-m/nofp/libc_nano.a(libc_a-lock.o)
                0x2000397c                __lock___malloc_recursive_mutex
 *fill*         0x2000397d        0x3 
 .bss.__malloc_sbrk_start
                0x20003980        0x4 /opt/st/stm32cubeide_1.14.0/plugins/com.st.stm32cube.ide.mcu.externaltools.gnu-tools-for-stm32.12.3.rel1.linux64_1.0.200.202406132123/tools/bin/../lib/gcc/arm-none-eabi/12.3.1/../../../../arm-none-eabi/lib/thumb/v7-m/nofp/libc_nano.a(libc_a-mallocr.o)
                0x20003980                __malloc_sbrk_start
 .bss.__malloc_free_list
                0x20003984        0x4 /opt/st/stm32cubeide_1.14.0/plugins/com.st.stm32cube.ide.mcu.externaltools.gnu-tools-for-stm32.12.3.rel1.linux64_1.0.200.202406132123/tools/bin/../lib/gcc/arm-none-eabi/12.3.1/../../../../arm-none-eabi/lib/thumb/v7-m/nofp/libc_nano.a(libc_a-mallocr.o)
                0x20003984                __malloc_free_list
 *(COMMON)
                0x20003988                        . = ALIGN (0x4)
                0x20003988                        _ebss = .
                0x20003988                        __bss_end__ = _ebss

._user_heap_stack
                0x20003988      0x600 load address 0x0800ec7c
                0x20003988                        . = ALIGN (0x8)
                [!provide]                        PROVIDE (end = .)
                0x20003988                        PROVIDE (_end = .)
                0x20003b88                        . = (. + _Min_Heap_Size)
 *fill*         0x20003988      0x200 
                0x20003f88                        . = (. + _Min_Stack_Size)
 *fill*         0x20003b88      0x400 
                0x20003f88                        . = ALIGN (0x8)

/DISCARD/
 libc.a(*)
 libm.a(*)
 libgcc.a(*)

.ARM.attributes
                0x00000000       0x29
 *(.ARM.attributes)
 .ARM.attributes
                0x00000000       0x1d /opt/st/stm32cubeide_1.14.0/plugins/com.st.stm32cube.ide.mcu.externaltools.gnu-tools-for-stm32.12.3.rel1.linux64_1.0.200.202406132123/tools/bin/../lib/gcc/arm-none-eabi/12.3.1/thumb/v7-m/nofp/crti.o
 .ARM.attributes
                0x0000001d       0x2d /opt/st/stm32cubeide_1.14.0/plugins/com.st.stm32cube.ide.mcu.externaltools.gnu-tools-for-stm32.12.3.rel1.linux64_1.0.200.202406132123/tools/bin/../lib/gcc/arm-none-eabi/12.3.1/thumb/v7-m/nofp/crtbegin.o
 .ARM.attributes
                0x0000004a       0x2d ./Core/Src/display_analizador.o
 .ARM.attributes
                0x00000077       0x2d ./Core/Src/encoder.o
 .ARM.attributes
                0x000000a4       0x2d ./Core/Src/encoder_hal.o
 .ARM.attributes
                0x000000d1       0x2d ./Core/Src/fft.o
 .ARM.attributes
                0x000000fe       0x2d ./Core/Src/fonts.o
 .ARM.attributes
                0x0000012b       0x2d ./Core/Src/freertos.o
 .ARM.attributes
                0x00000158       0x2d ./Core/Src/main.o
 .ARM.attributes
                0x00000185       0x2d ./Core/Src/pwm.o
 .ARM.attributes
                0x000001b2       0x2d ./Core/Src/ssd1306.o
 .ARM.attributes
                0x000001df       0x2d ./Core/Src/stm32f1xx_hal_msp.o
 .ARM.attributes
                0x0000020c       0x2d ./Core/Src/stm32f1xx_hal_timebase_tim.o
 .ARM.attributes
                0x00000239       0x2d ./Core/Src/stm32f1xx_it.o
 .ARM.attributes
                0x00000266       0x2d ./Core/Src/sysmem.o
 .ARM.attributes
                0x00000293       0x2d ./Core/Src/system_stm32f1xx.o
 .ARM.attributes
                0x000002c0       0x21 ./Core/Startup/startup_stm32f103c8tx.o
 .ARM.attributes
                0x000002e1       0x2d ./Drivers/STM32F1xx_HAL_Driver/Src/stm32f1xx_hal.o
 .ARM.attributes
                0x0000030e       0x2d ./Drivers/STM32F1xx_HAL_Driver/Src/stm32f1xx_hal_adc.o
 .ARM.attributes
                0x0000033b       0x2d ./Drivers/STM32F1xx_HAL_Driver/Src/stm32f1xx_hal_cortex.o
 .ARM.attributes
                0x00000368       0x2d ./Drivers/STM32F1xx_HAL_Driver/Src/stm32f1xx_hal_dma.o
 .ARM.attributes
                0x00000395       0x2d ./Drivers/STM32F1xx_HAL_Driver/Src/stm32f1xx_hal_gpio.o
 .ARM.attributes
                0x000003c2       0x2d ./Drivers/STM32F1xx_HAL_Driver/Src/stm32f1xx_hal_i2c.o
 .ARM.attributes
                0x000003ef       0x2d ./Drivers/STM32F1xx_HAL_Driver/Src/stm32f1xx_hal_rcc.o
 .ARM.attributes
                0x0000041c       0x2d ./Drivers/STM32F1xx_HAL_Driver/Src/stm32f1xx_hal_rcc_ex.o
 .ARM.attributes
                0x00000449       0x2d ./Drivers/STM32F1xx_HAL_Driver/Src/stm32f1xx_hal_tim.o
 .ARM.attributes
                0x00000476       0x2d ./Drivers/STM32F1xx_HAL_Driver/Src/stm32f1xx_hal_tim_ex.o
 .ARM.attributes
                0x000004a3       0x2d ./Drivers/STM32F1xx_HAL_Driver/Src/stm32f1xx_hal_uart.o
 .ARM.attributes